D:/stm_proj/stm32f_cli/MyApp/hw/driver/cli.c:48:13:handleEnterKey	8	static
D:/stm_proj/stm32f_cli/MyApp/hw/driver/cli.c:70:13:handleBackspace	8	static
D:/stm_proj/stm32f_cli/MyApp/hw/driver/cli.c:77:13:handleCharInsert	16	static
D:/stm_proj/stm32f_cli/MyApp/hw/driver/cli.c:87:13:handleArrowKeys	32	static
D:/stm_proj/stm32f_cli/MyApp/hw/driver/cli.c:122:13:processAnsiEscape	16	static
D:/stm_proj/stm32f_cli/MyApp/hw/driver/cli.c:133:6:cliMain	16	static
D:/stm_proj/stm32f_cli/MyApp/hw/driver/cli.c:166:13:cliHelp	24	static
D:/stm_proj/stm32f_cli/MyApp/hw/driver/cli.c:175:13:cliClear	16	static
D:/stm_proj/stm32f_cli/MyApp/hw/driver/cli.c:183:6:cliInit	8	static
D:/stm_proj/stm32f_cli/MyApp/hw/driver/cli.c:192:6:cliPrintf	144	static
D:/stm_proj/stm32f_cli/MyApp/hw/driver/cli.c:205:6:cliParseArgs	24	static
D:/stm_proj/stm32f_cli/MyApp/hw/driver/cli.c:215:6:cliRunCommand	16	static
D:/stm_proj/stm32f_cli/MyApp/hw/driver/cli.c:232:6:cliAdd	24	static
