D:/stm_proj/stm32f_cli/MyApp/hw/driver/cli.c:192:6:cliSetCtrlHandler	0	static
D:/stm_proj/stm32f_cli/MyApp/hw/driver/cli.c:197:6:cliPrintf	144	static
D:/stm_proj/stm32f_cli/MyApp/hw/driver/cli.c:81:13:handleArrowKeys	8	static
D:/stm_proj/stm32f_cli/MyApp/hw/driver/cli.c:116:13:processAnsiEscape	8	static
D:/stm_proj/stm32f_cli/MyApp/hw/driver/cli.c:64:13:handleBackspace	8	static
D:/stm_proj/stm32f_cli/MyApp/hw/driver/cli.c:71:13:handleCharInsert	8	static
D:/stm_proj/stm32f_cli/MyApp/hw/driver/cli.c:175:13:cliClear	8	static
D:/stm_proj/stm32f_cli/MyApp/hw/driver/cli.c:166:13:cliHelp	8	static
D:/stm_proj/stm32f_cli/MyApp/hw/driver/cli.c:210:6:cliParseArgs	8	static
D:/stm_proj/stm32f_cli/MyApp/hw/driver/cli.c:220:6:cliRunCommand	16	static
D:/stm_proj/stm32f_cli/MyApp/hw/driver/cli.c:42:13:handleEnterKey	16	static
D:/stm_proj/stm32f_cli/MyApp/hw/driver/cli.c:127:6:cliMain	16	static
D:/stm_proj/stm32f_cli/MyApp/hw/driver/cli.c:238:6:cliAdd	32	static
D:/stm_proj/stm32f_cli/MyApp/hw/driver/cli.c:180:6:cliInit	8	static
