Archive member included to satisfy reference by file (symbol)

C:/Users/2/AppData/Local/stm32cube/bundles/gnu-tools-for-stm32/14.3.1+st.2/bin/../lib/gcc/arm-none-eabi/14.3.1/thumb/v7e-m+fp/hard\libgcc.a(_aeabi_uldivmod.o)
                              cmake/stm32cubemx/CMakeFiles/STM32_Drivers.dir/__/__/Drivers/STM32F4xx_HAL_Driver/Src/stm32f4xx_hal_uart.c.obj (__aeabi_uldivmod)
C:/Users/2/AppData/Local/stm32cube/bundles/gnu-tools-for-stm32/14.3.1+st.2/bin/../lib/gcc/arm-none-eabi/14.3.1/thumb/v7e-m+fp/hard\libgcc.a(_udivmoddi4.o)
                              C:/Users/2/AppData/Local/stm32cube/bundles/gnu-tools-for-stm32/14.3.1+st.2/bin/../lib/gcc/arm-none-eabi/14.3.1/thumb/v7e-m+fp/hard\libgcc.a(_aeabi_uldivmod.o) (__udivmoddi4)
C:/Users/2/AppData/Local/stm32cube/bundles/gnu-tools-for-stm32/14.3.1+st.2/bin/../lib/gcc/arm-none-eabi/14.3.1/thumb/v7e-m+fp/hard\libgcc.a(_dvmd_tls.o)
                              C:/Users/2/AppData/Local/stm32cube/bundles/gnu-tools-for-stm32/14.3.1+st.2/bin/../lib/gcc/arm-none-eabi/14.3.1/thumb/v7e-m+fp/hard\libgcc.a(_aeabi_uldivmod.o) (__aeabi_ldiv0)
C:/Users/2/AppData/Local/stm32cube/bundles/gnu-tools-for-stm32/14.3.1+st.2/bin/../lib/gcc/arm-none-eabi/14.3.1/../../../../arm-none-eabi/lib/thumb/v7e-m+fp/hard\libg_nano.a(libc_a-atoi.o)
                              CMakeFiles/stm32f_cli.dir/MyApp/ap/ap.c.obj (atoi)
C:/Users/2/AppData/Local/stm32cube/bundles/gnu-tools-for-stm32/14.3.1+st.2/bin/../lib/gcc/arm-none-eabi/14.3.1/../../../../arm-none-eabi/lib/thumb/v7e-m+fp/hard\libg_nano.a(libc_a-exit.o)
                              C:/Users/2/AppData/Local/stm32cube/bundles/gnu-tools-for-stm32/14.3.1+st.2/bin/../lib/gcc/arm-none-eabi/14.3.1/../../../../arm-none-eabi/lib/thumb/v7e-m+fp/hard/crt0.o (exit)
C:/Users/2/AppData/Local/stm32cube/bundles/gnu-tools-for-stm32/14.3.1+st.2/bin/../lib/gcc/arm-none-eabi/14.3.1/../../../../arm-none-eabi/lib/thumb/v7e-m+fp/hard\libg_nano.a(libc_a-strtol.o)
                              C:/Users/2/AppData/Local/stm32cube/bundles/gnu-tools-for-stm32/14.3.1+st.2/bin/../lib/gcc/arm-none-eabi/14.3.1/../../../../arm-none-eabi/lib/thumb/v7e-m+fp/hard\libg_nano.a(libc_a-atoi.o) (_strtol_r)
C:/Users/2/AppData/Local/stm32cube/bundles/gnu-tools-for-stm32/14.3.1+st.2/bin/../lib/gcc/arm-none-eabi/14.3.1/../../../../arm-none-eabi/lib/thumb/v7e-m+fp/hard\libg_nano.a(libc_a-strtoul.o)
                              CMakeFiles/stm32f_cli.dir/MyApp/ap/ap.c.obj (strtoul)
C:/Users/2/AppData/Local/stm32cube/bundles/gnu-tools-for-stm32/14.3.1+st.2/bin/../lib/gcc/arm-none-eabi/14.3.1/../../../../arm-none-eabi/lib/thumb/v7e-m+fp/hard\libg_nano.a(libc_a-ctype_.o)
                              CMakeFiles/stm32f_cli.dir/MyApp/ap/ap.c.obj (_ctype_)
C:/Users/2/AppData/Local/stm32cube/bundles/gnu-tools-for-stm32/14.3.1+st.2/bin/../lib/gcc/arm-none-eabi/14.3.1/../../../../arm-none-eabi/lib/thumb/v7e-m+fp/hard\libg_nano.a(libc_a-findfp.o)
                              C:/Users/2/AppData/Local/stm32cube/bundles/gnu-tools-for-stm32/14.3.1+st.2/bin/../lib/gcc/arm-none-eabi/14.3.1/../../../../arm-none-eabi/lib/thumb/v7e-m+fp/hard\libg_nano.a(libc_a-exit.o) (__stdio_exit_handler)
C:/Users/2/AppData/Local/stm32cube/bundles/gnu-tools-for-stm32/14.3.1+st.2/bin/../lib/gcc/arm-none-eabi/14.3.1/../../../../arm-none-eabi/lib/thumb/v7e-m+fp/hard\libg_nano.a(libc_a-fwalk.o)
                              C:/Users/2/AppData/Local/stm32cube/bundles/gnu-tools-for-stm32/14.3.1+st.2/bin/../lib/gcc/arm-none-eabi/14.3.1/../../../../arm-none-eabi/lib/thumb/v7e-m+fp/hard\libg_nano.a(libc_a-findfp.o) (_fwalk_sglue)
C:/Users/2/AppData/Local/stm32cube/bundles/gnu-tools-for-stm32/14.3.1+st.2/bin/../lib/gcc/arm-none-eabi/14.3.1/../../../../arm-none-eabi/lib/thumb/v7e-m+fp/hard\libg_nano.a(libc_a-stdio.o)
                              C:/Users/2/AppData/Local/stm32cube/bundles/gnu-tools-for-stm32/14.3.1+st.2/bin/../lib/gcc/arm-none-eabi/14.3.1/../../../../arm-none-eabi/lib/thumb/v7e-m+fp/hard\libg_nano.a(libc_a-findfp.o) (__sread)
C:/Users/2/AppData/Local/stm32cube/bundles/gnu-tools-for-stm32/14.3.1+st.2/bin/../lib/gcc/arm-none-eabi/14.3.1/../../../../arm-none-eabi/lib/thumb/v7e-m+fp/hard\libg_nano.a(libc_a-vsnprintf.o)
                              CMakeFiles/stm32f_cli.dir/MyApp/hw/driver/cli.c.obj (vsnprintf)
C:/Users/2/AppData/Local/stm32cube/bundles/gnu-tools-for-stm32/14.3.1+st.2/bin/../lib/gcc/arm-none-eabi/14.3.1/../../../../arm-none-eabi/lib/thumb/v7e-m+fp/hard\libg_nano.a(libc_a-memset.o)
                              C:/Users/2/AppData/Local/stm32cube/bundles/gnu-tools-for-stm32/14.3.1+st.2/bin/../lib/gcc/arm-none-eabi/14.3.1/../../../../arm-none-eabi/lib/thumb/v7e-m+fp/hard/crt0.o (memset)
C:/Users/2/AppData/Local/stm32cube/bundles/gnu-tools-for-stm32/14.3.1+st.2/bin/../lib/gcc/arm-none-eabi/14.3.1/../../../../arm-none-eabi/lib/thumb/v7e-m+fp/hard\libg_nano.a(libc_a-strncpy.o)
                              CMakeFiles/stm32f_cli.dir/MyApp/hw/driver/cli.c.obj (strncpy)
[...]
Memory Configuration

Name             Origin             Length             Attributes
RAM              0x20000000         0x00020000         xrw
FLASH            0x08000000         0x00080000         xr
*default*        0x00000000         0xffffffff

Linker script and memory map

LOAD C:/Users/2/AppData/Local/stm32cube/bundles/gnu-tools-for-stm32/14.3.1+st.2/bin/../lib/gcc/arm-none-eabi/14.3.1/thumb/v7e-m+fp/hard/crti.o
LOAD C:/Users/2/AppData/Local/stm32cube/bundles/gnu-tools-for-stm32/14.3.1+st.2/bin/../lib/gcc/arm-none-eabi/14.3.1/thumb/v7e-m+fp/hard/crtbegin.o
LOAD C:/Users/2/AppData/Local/stm32cube/bundles/gnu-tools-for-stm32/14.3.1+st.2/bin/../lib/gcc/arm-none-eabi/14.3.1/../../../../arm-none-eabi/lib/thumb/v7e-m+fp/hard/crt0.o
LOAD cmake/stm32cubemx/CMakeFiles/STM32_Drivers.dir/__/__/Core/Src/system_stm32f4xx.c.obj
LOAD cmake/stm32cubemx/CMakeFiles/STM32_Drivers.dir/__/__/Drivers/STM32F4xx_HAL_Driver/Src/stm32f4xx_hal_uart.c.obj
LOAD cmake/stm32cubemx/CMakeFiles/STM32_Drivers.dir/__/__/Drivers/STM32F4xx_HAL_Driver/Src/stm32f4xx_hal_rcc.c.obj
LOAD cmake/stm32cubemx/CMakeFiles/STM32_Drivers.dir/__/__/Drivers/STM32F4xx_HAL_Driver/Src/stm32f4xx_hal_rcc_ex.c.obj
LOAD cmake/stm32cubemx/CMakeFiles/STM32_Drivers.dir/__/__/Drivers/STM32F4xx_HAL_Driver/Src/stm32f4xx_hal_flash.c.obj
LOAD cmake/stm32cubemx/CMakeFiles/STM32_Drivers.dir/__/__/Drivers/STM32F4xx_HAL_Driver/Src/stm32f4xx_hal_flash_ex.c.obj
LOAD cmake/stm32cubemx/CMakeFiles/STM32_Drivers.dir/__/__/Drivers/STM32F4xx_HAL_Driver/Src/stm32f4xx_hal_flash_ramfunc.c.obj
LOAD cmake/stm32cubemx/CMakeFiles/STM32_Drivers.dir/__/__/Drivers/STM32F4xx_HAL_Driver/Src/stm32f4xx_hal_gpio.c.obj
LOAD cmake/stm32cubemx/CMakeFiles/STM32_Drivers.dir/__/__/Drivers/STM32F4xx_HAL_Driver/Src/stm32f4xx_hal_dma_ex.c.obj
LOAD cmake/stm32cubemx/CMakeFiles/STM32_Drivers.dir/__/__/Drivers/STM32F4xx_HAL_Driver/Src/stm32f4xx_hal_dma.c.obj
LOAD cmake/stm32cubemx/CMakeFiles/STM32_Drivers.dir/__/__/Drivers/STM32F4xx_HAL_Driver/Src/stm32f4xx_hal_pwr.c.obj
LOAD cmake/stm32cubemx/CMakeFiles/STM32_Drivers.dir/__/__/Drivers/STM32F4xx_HAL_Driver/Src/stm32f4xx_hal_pwr_ex.c.obj
LOAD cmake/stm32cubemx/CMakeFiles/STM32_Drivers.dir/__/__/Drivers/STM32F4xx_HAL_Driver/Src/stm32f4xx_hal_cortex.c.obj
LOAD cmake/stm32cubemx/CMakeFiles/STM32_Drivers.dir/__/__/Drivers/STM32F4xx_HAL_Driver/Src/stm32f4xx_hal.c.obj
LOAD cmake/stm32cubemx/CMakeFiles/STM32_Drivers.dir/__/__/Drivers/STM32F4xx_HAL_Driver/Src/stm32f4xx_hal_exti.c.obj
LOAD CMakeFiles/stm32f_cli.dir/Core/Src/main.c.obj
LOAD CMakeFiles/stm32f_cli.dir/Core/Src/gpio.c.obj
LOAD CMakeFiles/stm32f_cli.dir/Core/Src/usart.c.obj
LOAD CMakeFiles/stm32f_cli.dir/Core/Src/stm32f4xx_it.c.obj
LOAD CMakeFiles/stm32f_cli.dir/Core/Src/stm32f4xx_hal_msp.c.obj
LOAD CMakeFiles/stm32f_cli.dir/Core/Src/sysmem.c.obj
LOAD CMakeFiles/stm32f_cli.dir/Core/Src/syscalls.c.obj
LOAD CMakeFiles/stm32f_cli.dir/startup_stm32f411xe.s.obj
LOAD CMakeFiles/stm32f_cli.dir/MyApp/ap/ap.c.obj
LOAD CMakeFiles/stm32f_cli.dir/MyApp/bsp/bsp.c.obj
LOAD CMakeFiles/stm32f_cli.dir/MyApp/hw/driver/button.c.obj
LOAD CMakeFiles/stm32f_cli.dir/MyApp/hw/driver/cli.c.obj
LOAD CMakeFiles/stm32f_cli.dir/MyApp/hw/driver/led.c.obj
LOAD CMakeFiles/stm32f_cli.dir/MyApp/hw/driver/my_gpio.c.obj
LOAD CMakeFiles/stm32f_cli.dir/MyApp/hw/driver/uart.c.obj
LOAD CMakeFiles/stm32f_cli.dir/MyApp/hw/hw.c.obj
LOAD C:/Users/2/AppData/Local/stm32cube/bundles/gnu-tools-for-stm32/14.3.1+st.2/bin/../lib/gcc/arm-none-eabi/14.3.1/../../../../arm-none-eabi/lib/thumb/v7e-m+fp/hard\libm.a
START GROUP
LOAD C:/Users/2/AppData/Local/stm32cube/bundles/gnu-tools-for-stm32/14.3.1+st.2/bin/../lib/gcc/arm-none-eabi/14.3.1/thumb/v7e-m+fp/hard\libgcc.a
LOAD C:/Users/2/AppData/Local/stm32cube/bundles/gnu-tools-for-stm32/14.3.1+st.2/bin/../lib/gcc/arm-none-eabi/14.3.1/../../../../arm-none-eabi/lib/thumb/v7e-m+fp/hard\libg_nano.a
LOAD C:/Users/2/AppData/Local/stm32cube/bundles/gnu-tools-for-stm32/14.3.1+st.2/bin/../lib/gcc/arm-none-eabi/14.3.1/../../../../arm-none-eabi/lib/thumb/v7e-m+fp/hard\libc_nano.a
END GROUP
START GROUP
LOAD C:/Users/2/AppData/Local/stm32cube/bundles/gnu-tools-for-stm32/14.3.1+st.2/bin/../lib/gcc/arm-none-eabi/14.3.1/thumb/v7e-m+fp/hard\libgcc.a
LOAD C:/Users/2/AppData/Local/stm32cube/bundles/gnu-tools-for-stm32/14.3.1+st.2/bin/../lib/gcc/arm-none-eabi/14.3.1/../../../../arm-none-eabi/lib/thumb/v7e-m+fp/hard\libc_nano.a
END GROUP
LOAD C:/Users/2/AppData/Local/stm32cube/bundles/gnu-tools-for-stm32/14.3.1+st.2/bin/../lib/gcc/arm-none-eabi/14.3.1/thumb/v7e-m+fp/hard/crtend.o
LOAD C:/Users/2/AppData/Local/stm32cube/bundles/gnu-tools-for-stm32/14.3.1+st.2/bin/../lib/gcc/arm-none-eabi/14.3.1/thumb/v7e-m+fp/hard/crtn.o
                0x20020000                        _estack = (ORIGIN (RAM) + LENGTH (RAM))
                0x2001fc00                        _sstack = (_estack - _Min_Stack_Size)
                0x00000200                        _Min_Heap_Size = 0x200
                0x00000400                        _Min_Stack_Size = 0x400

.isr_vector     0x08000000      0x198
                0x08000000                        . = ALIGN (0x4)
 *(.isr_vector)
 .isr_vector    0x08000000      0x198 CMakeFiles/stm32f_cli.dir/startup_stm32f411xe.s.obj
                0x08000000                g_pfnVectors
                0x08000198                        . = ALIGN (0x4)

.text           0x080001a0     0x55f4
                0x080001a0                        . = ALIGN (0x4)
 *(.text)
 .text          0x080001a0       0x40 C:/Users/2/AppData/Local/stm32cube/bundles/gnu-tools-for-stm32/14.3.1+st.2/bin/../lib/gcc/arm-none-eabi/14.3.1/thumb/v7e-m+fp/hard/crtbegin.o
 .text          0x080001e0       0x30 C:/Users/2/AppData/Local/stm32cube/bundles/gnu-tools-for-stm32/14.3.1+st.2/bin/../lib/gcc/arm-none-eabi/14.3.1/thumb/v7e-m+fp/hard\libgcc.a(_aeabi_uldivmod.o)
                0x080001e0                __aeabi_uldivmod
 .text          0x08000210      0x2f8 C:/Users/2/AppData/Local/stm32cube/bundles/gnu-tools-for-stm32/14.3.1+st.2/bin/../lib/gcc/arm-none-eabi/14.3.1/thumb/v7e-m+fp/hard\libgcc.a(_udivmoddi4.o)
                0x08000210                __udivmoddi4
 .text          0x08000508        0x4 C:/Users/2/AppData/Local/stm32cube/bundles/gnu-tools-for-stm32/14.3.1+st.2/bin/../lib/gcc/arm-none-eabi/14.3.1/thumb/v7e-m+fp/hard\libgcc.a(_dvmd_tls.o)
                0x08000508                __aeabi_idiv0
                0x08000508                __aeabi_ldiv0
 .text          0x0800050c       0x14 C:/Users/2/AppData/Local/stm32cube/bundles/gnu-tools-for-stm32/14.3.1+st.2/bin/../lib/gcc/arm-none-eabi/14.3.1/../../../../arm-none-eabi/lib/thumb/v7e-m+fp/hard\libg_nano.a(libc_a-strcmp.o)
                0x0800050c                strcmp
 .text          0x08000520       0x10 C:/Users/2/AppData/Local/stm32cube/bundles/gnu-tools-for-stm32/14.3.1+st.2/bin/../lib/gcc/arm-none-eabi/14.3.1/../../../../arm-none-eabi/lib/thumb/v7e-m+fp/hard\libg_nano.a(libc_a-strlen.o)
                0x08000520                strlen
 .text          0x08000530       0xa0 C:/Users/2/AppData/Local/stm32cube/bundles/gnu-tools-for-stm32/14.3.1+st.2/bin/../lib/gcc/arm-none-eabi/14.3.1/../../../../arm-none-eabi/lib/thumb/v7e-m+fp/hard\libg_nano.a(libc_a-memchr.o)
                0x08000530                memchr
 *(.text*)
 .text.SystemInit
                0x080005d0       0x24 cmake/stm32cubemx/CMakeFiles/STM32_Drivers.dir/__/__/Core/Src/system_stm32f4xx.c.obj
                0x080005d0                SystemInit
 .text.HAL_UART_Init
                0x080005f4       0xa0 cmake/stm32cubemx/CMakeFiles/STM32_Drivers.dir/__/__/Drivers/STM32F4xx_HAL_Driver/Src/stm32f4xx_hal_uart.c.obj
                0x080005f4                HAL_UART_Init
 .text.HAL_UART_DeInit
                0x08000694       0x64 cmake/stm32cubemx/CMakeFiles/STM32_Drivers.dir/__/__/Drivers/STM32F4xx_HAL_Driver/Src/stm32f4xx_hal_uart.c.obj
                0x08000694                HAL_UART_DeInit
 .text.HAL_UART_Transmit
                0x080006f8      0x116 cmake/stm32cubemx/CMakeFiles/STM32_Drivers.dir/__/__/Drivers/STM32F4xx_HAL_Driver/Src/stm32f4xx_hal_uart.c.obj
                0x080006f8                HAL_UART_Transmit
 .text.HAL_UART_Receive_IT
                0x0800080e       0x4a cmake/stm32cubemx/CMakeFiles/STM32_Drivers.dir/__/__/Drivers/STM32F4xx_HAL_Driver/Src/stm32f4xx_hal_uart.c.obj
                0x0800080e                HAL_UART_Receive_IT
 .text.HAL_UART_IRQHandler
                0x08000858      0x554 cmake/stm32cubemx/CMakeFiles/STM32_Drivers.dir/__/__/Drivers/STM32F4xx_HAL_Driver/Src/stm32f4xx_hal_uart.c.obj
                0x08000858                HAL_UART_IRQHandler
 .text.HAL_UART_TxCpltCallback
                0x08000dac       0x14 cmake/stm32cubemx/CMakeFiles/STM32_Drivers.dir/__/__/Drivers/STM32F4xx_HAL_Driver/Src/stm32f4xx_hal_uart.c.obj
                0x08000dac                HAL_UART_TxCpltCallback
 .text.HAL_UART_ErrorCallback
                0x08000dc0       0x14 cmake/stm32cubemx/CMakeFiles/STM32_Drivers.dir/__/__/Drivers/STM32F4xx_HAL_Driver/Src/stm32f4xx_hal_uart.c.obj
                0x08000dc0                HAL_UART_ErrorCallback
 .text.HAL_UARTEx_RxEventCallback
                0x08000dd4       0x18 cmake/stm32cubemx/CMakeFiles/STM32_Drivers.dir/__/__/Drivers/STM32F4xx_HAL_Driver/Src/stm32f4xx_hal_uart.c.obj
                0x08000dd4                HAL_UARTEx_RxEventCallback
 .text.UART_WaitOnFlagUntilTimeout
                0x08000dec       0xb2 cmake/stm32cubemx/CMakeFiles/STM32_Drivers.dir/__/__/Drivers/STM32F4xx_HAL_Driver/Src/stm32f4xx_hal_uart.c.obj
 .text.UART_Start_Receive_IT
                0x08000e9e       0x74 cmake/stm32cubemx/CMakeFiles/STM32_Drivers.dir/__/__/Drivers/STM32F4xx_HAL_Driver/Src/stm32f4xx_hal_uart.c.obj
                0x08000e9e                UART_Start_Receive_IT
 .text.UART_EndRxTransfer
                0x08000f12       0xc6 cmake/stm32cubemx/CMakeFiles/STM32_Drivers.dir/__/__/Drivers/STM32F4xx_HAL_Driver/Src/stm32f4xx_hal_uart.c.obj
 .text.UART_DMAAbortOnError
                0x08000fd8       0x22 cmake/stm32cubemx/CMakeFiles/STM32_Drivers.dir/__/__/Drivers/STM32F4xx_HAL_Driver/Src/stm32f4xx_hal_uart.c.obj
 .text.UART_Transmit_IT
                0x08000ffa       0xa0 cmake/stm32cubemx/CMakeFiles/STM32_Drivers.dir/__/__/Drivers/STM32F4xx_HAL_Driver/Src/stm32f4xx_hal_uart.c.obj
 .text.UART_EndTransmit_IT
                0x0800109a       0x30 cmake/stm32cubemx/CMakeFiles/STM32_Drivers.dir/__/__/Drivers/STM32F4xx_HAL_Driver/Src/stm32f4xx_hal_uart.c.obj
 .text.UART_Receive_IT
                0x080010ca      0x17c cmake/stm32cubemx/CMakeFiles/STM32_Drivers.dir/__/__/Drivers/STM32F4xx_HAL_Driver/Src/stm32f4xx_hal_uart.c.obj
 *fill*         0x08001246        0x2 
 .text.UART_SetConfig
                0x08001248      0x4e8 cmake/stm32cubemx/CMakeFiles/STM32_Drivers.dir/__/__/Drivers/STM32F4xx_HAL_Driver/Src/stm32f4xx_hal_uart.c.obj
 .text.HAL_RCC_OscConfig
                0x08001730      0x4f0 cmake/stm32cubemx/CMakeFiles/STM32_Drivers.dir/__/__/Drivers/STM32F4xx_HAL_Driver/Src/stm32f4xx_hal_rcc.c.obj
                0x08001730                HAL_RCC_OscConfig
 .text.HAL_RCC_ClockConfig
                0x08001c20      0x1cc cmake/stm32cubemx/CMakeFiles/STM32_Drivers.dir/__/__/Drivers/STM32F4xx_HAL_Driver/Src/stm32f4xx_hal_rcc.c.obj
                0x08001c20                HAL_RCC_ClockConfig
 .text.HAL_RCC_GetSysClockFreq
                0x08001dec      0x20c cmake/stm32cubemx/CMakeFiles/STM32_Drivers.dir/__/__/Drivers/STM32F4xx_HAL_Driver/Src/stm32f4xx_hal_rcc.c.obj
                0x08001dec                HAL_RCC_GetSysClockFreq
 .text.HAL_RCC_GetHCLKFreq
                0x08001ff8       0x18 cmake/stm32cubemx/CMakeFiles/STM32_Drivers.dir/__/__/Drivers/STM32F4xx_HAL_Driver/Src/stm32f4xx_hal_rcc.c.obj
                0x08001ff8                HAL_RCC_GetHCLKFreq
 .text.HAL_RCC_GetPCLK1Freq
                0x08002010       0x28 cmake/stm32cubemx/CMakeFiles/STM32_Drivers.dir/__/__/Drivers/STM32F4xx_HAL_Driver/Src/stm32f4xx_hal_rcc.c.obj
                0x08002010                HAL_RCC_GetPCLK1Freq
 .text.HAL_RCC_GetPCLK2Freq
                0x08002038       0x28 cmake/stm32cubemx/CMakeFiles/STM32_Drivers.dir/__/__/Drivers/STM32F4xx_HAL_Driver/Src/stm32f4xx_hal_rcc.c.obj
                0x08002038                HAL_RCC_GetPCLK2Freq
 .text.HAL_GPIO_Init
                0x08002060      0x308 cmake/stm32cubemx/CMakeFiles/STM32_Drivers.dir/__/__/Drivers/STM32F4xx_HAL_Driver/Src/stm32f4xx_hal_gpio.c.obj
                0x08002060                HAL_GPIO_Init
 .text.HAL_GPIO_DeInit
                0x08002368      0x1c8 cmake/stm32cubemx/CMakeFiles/STM32_Drivers.dir/__/__/Drivers/STM32F4xx_HAL_Driver/Src/stm32f4xx_hal_gpio.c.obj
                0x08002368                HAL_GPIO_DeInit
 .text.HAL_GPIO_ReadPin
                0x08002530       0x30 cmake/stm32cubemx/CMakeFiles/STM32_Drivers.dir/__/__/Drivers/STM32F4xx_HAL_Driver/Src/stm32f4xx_hal_gpio.c.obj
                0x08002530                HAL_GPIO_ReadPin
 .text.HAL_GPIO_WritePin
                0x08002560       0x32 cmake/stm32cubemx/CMakeFiles/STM32_Drivers.dir/__/__/Drivers/STM32F4xx_HAL_Driver/Src/stm32f4xx_hal_gpio.c.obj
                0x08002560                HAL_GPIO_WritePin
 .text.HAL_GPIO_TogglePin
                0x08002592       0x34 cmake/stm32cubemx/CMakeFiles/STM32_Drivers.dir/__/__/Drivers/STM32F4xx_HAL_Driver/Src/stm32f4xx_hal_gpio.c.obj
                0x08002592                HAL_GPIO_TogglePin
 *fill*         0x080025c6        0x2 
 .text.HAL_GPIO_EXTI_IRQHandler
                0x080025c8       0x30 cmake/stm32cubemx/CMakeFiles/STM32_Drivers.dir/__/__/Drivers/STM32F4xx_HAL_Driver/Src/stm32f4xx_hal_gpio.c.obj
                0x080025c8                HAL_GPIO_EXTI_IRQHandler
 .text.HAL_DMA_Abort
                0x080025f8       0xe0 cmake/stm32cubemx/CMakeFiles/STM32_Drivers.dir/__/__/Drivers/STM32F4xx_HAL_Driver/Src/stm32f4xx_hal_dma.c.obj
                0x080025f8                HAL_DMA_Abort
 .text.HAL_DMA_Abort_IT
                0x080026d8       0x44 cmake/stm32cubemx/CMakeFiles/STM32_Drivers.dir/__/__/Drivers/STM32F4xx_HAL_Driver/Src/stm32f4xx_hal_dma.c.obj
                0x080026d8                HAL_DMA_Abort_IT
 .text.__NVIC_SetPriorityGrouping
                0x0800271c       0x48 cmake/stm32cubemx/CMakeFiles/STM32_Drivers.dir/__/__/Drivers/STM32F4xx_HAL_Driver/Src/stm32f4xx_hal_cortex.c.obj
 .text.__NVIC_GetPriorityGrouping
                0x08002764       0x1c cmake/stm32cubemx/CMakeFiles/STM32_Drivers.dir/__/__/Drivers/STM32F4xx_HAL_Driver/Src/stm32f4xx_hal_cortex.c.obj
 .text.__NVIC_EnableIRQ
                0x08002780       0x3c cmake/stm32cubemx/CMakeFiles/STM32_Drivers.dir/__/__/Drivers/STM32F4xx_HAL_Driver/Src/stm32f4xx_hal_cortex.c.obj
 .text.__NVIC_DisableIRQ
                0x080027bc       0x48 cmake/stm32cubemx/CMakeFiles/STM32_Drivers.dir/__/__/Drivers/STM32F4xx_HAL_Driver/Src/stm32f4xx_hal_cortex.c.obj
 .text.__NVIC_SetPriority
                0x08002804       0x54 cmake/stm32cubemx/CMakeFiles/STM32_Drivers.dir/__/__/Drivers/STM32F4xx_HAL_Driver/Src/stm32f4xx_hal_cortex.c.obj
 .text.NVIC_EncodePriority
                0x08002858       0x66 cmake/stm32cubemx/CMakeFiles/STM32_Drivers.dir/__/__/Drivers/STM32F4xx_HAL_Driver/Src/stm32f4xx_hal_cortex.c.obj
 *fill*         0x080028be        0x2 
 .text.SysTick_Config
                0x080028c0       0x44 cmake/stm32cubemx/CMakeFiles/STM32_Drivers.dir/__/__/Drivers/STM32F4xx_HAL_Driver/Src/stm32f4xx_hal_cortex.c.obj
 .text.HAL_NVIC_SetPriorityGrouping
                0x08002904       0x16 cmake/stm32cubemx/CMakeFiles/STM32_Drivers.dir/__/__/Drivers/STM32F4xx_HAL_Driver/Src/stm32f4xx_hal_cortex.c.obj
                0x08002904                HAL_NVIC_SetPriorityGrouping
 .text.HAL_NVIC_SetPriority
                0x0800291a       0x38 cmake/stm32cubemx/CMakeFiles/STM32_Drivers.dir/__/__/Drivers/STM32F4xx_HAL_Driver/Src/stm32f4xx_hal_cortex.c.obj
                0x0800291a                HAL_NVIC_SetPriority
 .text.HAL_NVIC_EnableIRQ
                0x08002952       0x1c cmake/stm32cubemx/CMakeFiles/STM32_Drivers.dir/__/__/Drivers/STM32F4xx_HAL_Driver/Src/stm32f4xx_hal_cortex.c.obj
                0x08002952                HAL_NVIC_EnableIRQ
 .text.HAL_NVIC_DisableIRQ
                0x0800296e       0x1c cmake/stm32cubemx/CMakeFiles/STM32_Drivers.dir/__/__/Drivers/STM32F4xx_HAL_Driver/Src/stm32f4xx_hal_cortex.c.obj
                0x0800296e                HAL_NVIC_DisableIRQ
 .text.HAL_SYSTICK_Config
                0x0800298a       0x18 cmake/stm32cubemx/CMakeFiles/STM32_Drivers.dir/__/__/Drivers/STM32F4xx_HAL_Driver/Src/stm32f4xx_hal_cortex.c.obj
                0x0800298a                HAL_SYSTICK_Config
 *fill*         0x080029a2        0x2 
 .text.HAL_Init
                0x080029a4       0x44 cmake/stm32cubemx/CMakeFiles/STM32_Drivers.dir/__/__/Drivers/STM32F4xx_HAL_Driver/Src/stm32f4xx_hal.c.obj
                0x080029a4                HAL_Init
 .text.HAL_InitTick
                0x080029e8       0x60 cmake/stm32cubemx/CMakeFiles/STM32_Drivers.dir/__/__/Drivers/STM32F4xx_HAL_Driver/Src/stm32f4xx_hal.c.obj
                0x080029e8                HAL_InitTick
 .text.HAL_IncTick
                0x08002a48       0x28 cmake/stm32cubemx/CMakeFiles/STM32_Drivers.dir/__/__/Drivers/STM32F4xx_HAL_Driver/Src/stm32f4xx_hal.c.obj
                0x08002a48                HAL_IncTick
 .text.HAL_GetTick
                0x08002a70       0x18 cmake/stm32cubemx/CMakeFiles/STM32_Drivers.dir/__/__/Drivers/STM32F4xx_HAL_Driver/Src/stm32f4xx_hal.c.obj
                0x08002a70                HAL_GetTick
 .text.HAL_GetDEVID
                0x08002a88       0x1c cmake/stm32cubemx/CMakeFiles/STM32_Drivers.dir/__/__/Drivers/STM32F4xx_HAL_Driver/Src/stm32f4xx_hal.c.obj
                0x08002a88                HAL_GetDEVID
 .text.HAL_GetUIDw0
                0x08002aa4       0x18 cmake/stm32cubemx/CMakeFiles/STM32_Drivers.dir/__/__/Drivers/STM32F4xx_HAL_Driver/Src/stm32f4xx_hal.c.obj
                0x08002aa4                HAL_GetUIDw0
 .text.HAL_GetUIDw1
                0x08002abc       0x18 cmake/stm32cubemx/CMakeFiles/STM32_Drivers.dir/__/__/Drivers/STM32F4xx_HAL_Driver/Src/stm32f4xx_hal.c.obj
                0x08002abc                HAL_GetUIDw1
 .text.HAL_GetUIDw2
                0x08002ad4       0x18 cmake/stm32cubemx/CMakeFiles/STM32_Drivers.dir/__/__/Drivers/STM32F4xx_HAL_Driver/Src/stm32f4xx_hal.c.obj
                0x08002ad4                HAL_GetUIDw2
 .text.main     0x08002aec       0x20 CMakeFiles/stm32f_cli.dir/Core/Src/main.c.obj
                0x08002aec                main
 .text.SystemClock_Config
                0x08002b0c       0xd4 CMakeFiles/stm32f_cli.dir/Core/Src/main.c.obj
                0x08002b0c                SystemClock_Config
 .text.Error_Handler
                0x08002be0        0xc CMakeFiles/stm32f_cli.dir/Core/Src/main.c.obj
                0x08002be0                Error_Handler
 .text.MX_GPIO_Init
                0x08002bec       0xec CMakeFiles/stm32f_cli.dir/Core/Src/gpio.c.obj
                0x08002bec                MX_GPIO_Init
 .text.MX_USART2_UART_Init
                0x08002cd8       0x54 CMakeFiles/stm32f_cli.dir/Core/Src/usart.c.obj
                0x08002cd8                MX_USART2_UART_Init
 .text.HAL_UART_MspInit
                0x08002d2c       0xa0 CMakeFiles/stm32f_cli.dir/Core/Src/usart.c.obj
                0x08002d2c                HAL_UART_MspInit
 .text.HAL_UART_MspDeInit
                0x08002dcc       0x40 CMakeFiles/stm32f_cli.dir/Core/Src/usart.c.obj
                0x08002dcc                HAL_UART_MspDeInit
 .text.NMI_Handler
                0x08002e0c        0x8 CMakeFiles/stm32f_cli.dir/Core/Src/stm32f4xx_it.c.obj
                0x08002e0c                NMI_Handler
 .text.HardFault_Handler
                0x08002e14        0x8 CMakeFiles/stm32f_cli.dir/Core/Src/stm32f4xx_it.c.obj
                0x08002e14                HardFault_Handler
 .text.MemManage_Handler
                0x08002e1c        0x8 CMakeFiles/stm32f_cli.dir/Core/Src/stm32f4xx_it.c.obj
                0x08002e1c                MemManage_Handler
 .text.BusFault_Handler
                0x08002e24        0x8 CMakeFiles/stm32f_cli.dir/Core/Src/stm32f4xx_it.c.obj
                0x08002e24                BusFault_Handler
 .text.UsageFault_Handler
                0x08002e2c        0x8 CMakeFiles/stm32f_cli.dir/Core/Src/stm32f4xx_it.c.obj
                0x08002e2c                UsageFault_Handler
 .text.SVC_Handler
                0x08002e34        0xe CMakeFiles/stm32f_cli.dir/Core/Src/stm32f4xx_it.c.obj
                0x08002e34                SVC_Handler
 .text.DebugMon_Handler
                0x08002e42        0xe CMakeFiles/stm32f_cli.dir/Core/Src/stm32f4xx_it.c.obj
                0x08002e42                DebugMon_Handler
 .text.PendSV_Handler
                0x08002e50        0xe CMakeFiles/stm32f_cli.dir/Core/Src/stm32f4xx_it.c.obj
                0x08002e50                PendSV_Handler
 .text.SysTick_Handler
                0x08002e5e        0xc CMakeFiles/stm32f_cli.dir/Core/Src/stm32f4xx_it.c.obj
                0x08002e5e                SysTick_Handler
 *fill*         0x08002e6a        0x2 
 .text.USART2_IRQHandler
                0x08002e6c       0x14 CMakeFiles/stm32f_cli.dir/Core/Src/stm32f4xx_it.c.obj
                0x08002e6c                USART2_IRQHandler
 .text.EXTI15_10_IRQHandler
                0x08002e80       0x10 CMakeFiles/stm32f_cli.dir/Core/Src/stm32f4xx_it.c.obj
                0x08002e80                EXTI15_10_IRQHandler
 .text.HAL_MspInit
                0x08002e90       0x50 CMakeFiles/stm32f_cli.dir/Core/Src/stm32f4xx_hal_msp.c.obj
                0x08002e90                HAL_MspInit
 .text._sbrk    0x08002ee0       0x6c CMakeFiles/stm32f_cli.dir/Core/Src/sysmem.c.obj
                0x08002ee0                _sbrk
 .text._getpid  0x08002f4c       0x10 CMakeFiles/stm32f_cli.dir/Core/Src/syscalls.c.obj
                0x08002f4c                _getpid
 .text._kill    0x08002f5c       0x20 CMakeFiles/stm32f_cli.dir/Core/Src/syscalls.c.obj
                0x08002f5c                _kill
 .text._exit    0x08002f7c       0x16 CMakeFiles/stm32f_cli.dir/Core/Src/syscalls.c.obj
                0x08002f7c                _exit
 .text._read    0x08002f92       0x3a CMakeFiles/stm32f_cli.dir/Core/Src/syscalls.c.obj
                0x08002f92                _read
 .text._write   0x08002fcc       0x38 CMakeFiles/stm32f_cli.dir/Core/Src/syscalls.c.obj
                0x08002fcc                _write
 .text._close   0x08003004       0x18 CMakeFiles/stm32f_cli.dir/Core/Src/syscalls.c.obj
                0x08003004                _close
 .text._fstat   0x0800301c       0x20 CMakeFiles/stm32f_cli.dir/Core/Src/syscalls.c.obj
                0x0800301c                _fstat
 .text._isatty  0x0800303c       0x16 CMakeFiles/stm32f_cli.dir/Core/Src/syscalls.c.obj
                0x0800303c                _isatty
 .text._lseek   0x08003052       0x1a CMakeFiles/stm32f_cli.dir/Core/Src/syscalls.c.obj
                0x08003052                _lseek
 .text.Reset_Handler
                0x0800306c       0x50 CMakeFiles/stm32f_cli.dir/startup_stm32f411xe.s.obj
                0x0800306c                Reset_Handler
 .text.Default_Handler
                0x080030bc        0x2 CMakeFiles/stm32f_cli.dir/startup_stm32f411xe.s.obj
                0x080030bc                RTC_Alarm_IRQHandler
                0x080030bc                EXTI2_IRQHandler
                0x080030bc                SPI4_IRQHandler
                0x080030bc                TIM1_CC_IRQHandler
                0x080030bc                DMA2_Stream5_IRQHandler
                0x080030bc                DMA1_Stream5_IRQHandler
                0x080030bc                PVD_IRQHandler
                0x080030bc                SDIO_IRQHandler
                0x080030bc                TAMP_STAMP_IRQHandler
                0x080030bc                EXTI3_IRQHandler
                0x080030bc                TIM1_UP_TIM10_IRQHandler
                0x080030bc                I2C3_ER_IRQHandler
                0x080030bc                EXTI0_IRQHandler
                0x080030bc                I2C2_EV_IRQHandler
                0x080030bc                DMA1_Stream2_IRQHandler
                0x080030bc                FPU_IRQHandler
                0x080030bc                DMA2_Stream2_IRQHandler
                0x080030bc                SPI1_IRQHandler
                0x080030bc                TIM1_BRK_TIM9_IRQHandler
                0x080030bc                DMA2_Stream3_IRQHandler
                0x080030bc                USART6_IRQHandler
                0x080030bc                DMA2_Stream0_IRQHandler
                0x080030bc                TIM4_IRQHandler
                0x080030bc                I2C1_EV_IRQHandler
                0x080030bc                DMA1_Stream6_IRQHandler
                0x080030bc                DMA1_Stream1_IRQHandler
                0x080030bc                TIM3_IRQHandler
                0x080030bc                RCC_IRQHandler
                0x080030bc                Default_Handler
                0x080030bc                ADC_IRQHandler
                0x080030bc                DMA1_Stream7_IRQHandler
                0x080030bc                SPI5_IRQHandler
                0x080030bc                TIM5_IRQHandler
                0x080030bc                DMA2_Stream7_IRQHandler
                0x080030bc                I2C3_EV_IRQHandler
                0x080030bc                EXTI9_5_IRQHandler
                0x080030bc                RTC_WKUP_IRQHandler
                0x080030bc                SPI2_IRQHandler
                0x080030bc                DMA1_Stream0_IRQHandler
                0x080030bc                EXTI4_IRQHandler
                0x080030bc                WWDG_IRQHandler
                0x080030bc                TIM2_IRQHandler
                0x080030bc                OTG_FS_WKUP_IRQHandler
                0x080030bc                TIM1_TRG_COM_TIM11_IRQHandler
                0x080030bc                EXTI1_IRQHandler
                0x080030bc                I2C2_ER_IRQHandler
                0x080030bc                DMA2_Stream1_IRQHandler
                0x080030bc                FLASH_IRQHandler
                0x080030bc                DMA2_Stream4_IRQHandler
                0x080030bc                USART1_IRQHandler
                0x080030bc                OTG_FS_IRQHandler
                0x080030bc                SPI3_IRQHandler
                0x080030bc                DMA1_Stream4_IRQHandler
                0x080030bc                I2C1_ER_IRQHandler
                0x080030bc                DMA2_Stream6_IRQHandler
                0x080030bc                DMA1_Stream3_IRQHandler
 *fill*         0x080030be        0x2 
 .text.__NVIC_SystemReset
                0x080030c0       0x2c CMakeFiles/stm32f_cli.dir/MyApp/ap/ap.c.obj
 .text.cliButton
                0x080030ec       0xa4 CMakeFiles/stm32f_cli.dir/MyApp/ap/ap.c.obj
                0x080030ec                cliButton
 .text.isSafeAddress
                0x08003190       0x78 CMakeFiles/stm32f_cli.dir/MyApp/ap/ap.c.obj
 .text.cliMd    0x08003208      0x174 CMakeFiles/stm32f_cli.dir/MyApp/ap/ap.c.obj
                0x08003208                cliMd
 .text.cliGpio  0x0800337c      0x16c CMakeFiles/stm32f_cli.dir/MyApp/ap/ap.c.obj
                0x0800337c                cliGpio
 .text.cliled   0x080034e8       0xa8 CMakeFiles/stm32f_cli.dir/MyApp/ap/ap.c.obj
                0x080034e8                cliled
 .text.cliInfo  0x08003590       0xd0 CMakeFiles/stm32f_cli.dir/MyApp/ap/ap.c.obj
                0x08003590                cliInfo
 .text.cliSys   0x08003660       0x40 CMakeFiles/stm32f_cli.dir/MyApp/ap/ap.c.obj
                0x08003660                cliSys
 .text.apInit   0x080036a0       0x6c CMakeFiles/stm32f_cli.dir/MyApp/ap/ap.c.obj
                0x080036a0                apInit
 .text.apMain   0x0800370c       0x18 CMakeFiles/stm32f_cli.dir/MyApp/ap/ap.c.obj
                0x0800370c                apMain
 .text.millis   0x08003724        0xe CMakeFiles/stm32f_cli.dir/MyApp/bsp/bsp.c.obj
                0x08003724                millis
 *fill*         0x08003732        0x2 
 .text.buttonInit
                0x08003734       0x18 CMakeFiles/stm32f_cli.dir/MyApp/hw/driver/button.c.obj
                0x08003734                buttonInit
 .text.buttonEnable
                0x0800374c       0x20 CMakeFiles/stm32f_cli.dir/MyApp/hw/driver/button.c.obj
                0x0800374c                buttonEnable
 .text.buttonGetEnable
                0x0800376c       0x18 CMakeFiles/stm32f_cli.dir/MyApp/hw/driver/button.c.obj
                0x0800376c                buttonGetEnable
 .text.HAL_GPIO_EXTI_Callback
                0x08003784       0x38 CMakeFiles/stm32f_cli.dir/MyApp/hw/driver/button.c.obj
                0x08003784                HAL_GPIO_EXTI_Callback
 .text.cliHelp  0x080037bc       0x60 CMakeFiles/stm32f_cli.dir/MyApp/hw/driver/cli.c.obj
 .text.cliClear
                0x0800381c       0x20 CMakeFiles/stm32f_cli.dir/MyApp/hw/driver/cli.c.obj
 .text.cliInit  0x0800383c       0x3c CMakeFiles/stm32f_cli.dir/MyApp/hw/driver/cli.c.obj
                0x0800383c                cliInit
 .text.cliPrintf
                0x08003878       0x3e CMakeFiles/stm32f_cli.dir/MyApp/hw/driver/cli.c.obj
                0x08003878                cliPrintf
 *fill*         0x080038b6        0x2 
 .text.cliParseArgs
                0x080038b8       0x5c CMakeFiles/stm32f_cli.dir/MyApp/hw/driver/cli.c.obj
                0x080038b8                cliParseArgs
 .text.cliRunCommand
                0x08003914       0x98 CMakeFiles/stm32f_cli.dir/MyApp/hw/driver/cli.c.obj
                0x08003914                cliRunCommand
 .text.cliAdd   0x080039ac       0x70 CMakeFiles/stm32f_cli.dir/MyApp/hw/driver/cli.c.obj
                0x080039ac                cliAdd
 .text.cliMain  0x08003a1c      0x2a4 CMakeFiles/stm32f_cli.dir/MyApp/hw/driver/cli.c.obj
                0x08003a1c                cliMain
 .text.ledInit  0x08003cc0        0xe CMakeFiles/stm32f_cli.dir/MyApp/hw/driver/led.c.obj
                0x08003cc0                ledInit
 *fill*         0x08003cce        0x2 
 .text.ledOn    0x08003cd0       0x18 CMakeFiles/stm32f_cli.dir/MyApp/hw/driver/led.c.obj
                0x08003cd0                ledOn
 .text.ledOff   0x08003ce8       0x18 CMakeFiles/stm32f_cli.dir/MyApp/hw/driver/led.c.obj
                0x08003ce8                ledOff
 .text.ledToggle
                0x08003d00       0x14 CMakeFiles/stm32f_cli.dir/MyApp/hw/driver/led.c.obj
                0x08003d00                ledToggle
 .text.getPortPtr
                0x08003d14      0x124 CMakeFiles/stm32f_cli.dir/MyApp/hw/driver/my_gpio.c.obj
 .text.gpioExtWrite
                0x08003e38       0x98 CMakeFiles/stm32f_cli.dir/MyApp/hw/driver/my_gpio.c.obj
                0x08003e38                gpioExtWrite
 .text.gpioExtRead
                0x08003ed0       0x94 CMakeFiles/stm32f_cli.dir/MyApp/hw/driver/my_gpio.c.obj
                0x08003ed0                gpioExtRead
 .text.uartInit
                0x08003f64       0x30 CMakeFiles/stm32f_cli.dir/MyApp/hw/driver/uart.c.obj
                0x08003f64                uartInit
 .text.HAL_UART_RxCpltCallback
                0x08003f94       0x50 CMakeFiles/stm32f_cli.dir/MyApp/hw/driver/uart.c.obj
                0x08003f94                HAL_UART_RxCpltCallback
 .text.uartAvailable
                0x08003fe4       0x5c CMakeFiles/stm32f_cli.dir/MyApp/hw/driver/uart.c.obj
                0x08003fe4                uartAvailable
 .text.uartRead
                0x08004040       0x4c CMakeFiles/stm32f_cli.dir/MyApp/hw/driver/uart.c.obj
                0x08004040                uartRead
 .text.uartOpen
                0x0800408c       0x4c CMakeFiles/stm32f_cli.dir/MyApp/hw/driver/uart.c.obj
                0x0800408c                uartOpen
 .text.uartWrite
                0x080040d8       0x34 CMakeFiles/stm32f_cli.dir/MyApp/hw/driver/uart.c.obj
                0x080040d8                uartWrite
 .text.uartPrintf
                0x0800410c       0x48 CMakeFiles/stm32f_cli.dir/MyApp/hw/driver/uart.c.obj
                0x0800410c                uartPrintf
 .text.hwInit   0x08004154       0x18 CMakeFiles/stm32f_cli.dir/MyApp/hw/hw.c.obj
                0x08004154                hwInit
 .text.atoi     0x0800416c        0x8 C:/Users/2/AppData/Local/stm32cube/bundles/gnu-tools-for-stm32/14.3.1+st.2/bin/../lib/gcc/arm-none-eabi/14.3.1/../../../../arm-none-eabi/lib/thumb/v7e-m+fp/hard\libg_nano.a(libc_a-atoi.o)
                0x0800416c                atoi
 .text._strtol_l.isra.0
                0x08004174       0xf4 C:/Users/2/AppData/Local/stm32cube/bundles/gnu-tools-for-stm32/14.3.1+st.2/bin/../lib/gcc/arm-none-eabi/14.3.1/../../../../arm-none-eabi/lib/thumb/v7e-m+fp/hard\libg_nano.a(libc_a-strtol.o)
 .text.strtol   0x08004268       0x14 C:/Users/2/AppData/Local/stm32cube/bundles/gnu-tools-for-stm32/14.3.1+st.2/bin/../lib/gcc/arm-none-eabi/14.3.1/../../../../arm-none-eabi/lib/thumb/v7e-m+fp/hard\libg_nano.a(libc_a-strtol.o)
                0x08004268                strtol
 .text._strtoul_l.isra.0
                0x0800427c       0xdc C:/Users/2/AppData/Local/stm32cube/bundles/gnu-tools-for-stm32/14.3.1+st.2/bin/../lib/gcc/arm-none-eabi/14.3.1/../../../../arm-none-eabi/lib/thumb/v7e-m+fp/hard\libg_nano.a(libc_a-strtoul.o)
 .text.strtoul  0x08004358       0x14 C:/Users/2/AppData/Local/stm32cube/bundles/gnu-tools-for-stm32/14.3.1+st.2/bin/../lib/gcc/arm-none-eabi/14.3.1/../../../../arm-none-eabi/lib/thumb/v7e-m+fp/hard\libg_nano.a(libc_a-strtoul.o)
                0x08004358                strtoul
 .text.std      0x0800436c       0x6c C:/Users/2/AppData/Local/stm32cube/bundles/gnu-tools-for-stm32/14.3.1+st.2/bin/../lib/gcc/arm-none-eabi/14.3.1/../../../../arm-none-eabi/lib/thumb/v7e-m+fp/hard\libg_nano.a(libc_a-findfp.o)
 .text.stdio_exit_handler
                0x080043d8       0x18 C:/Users/2/AppData/Local/stm32cube/bundles/gnu-tools-for-stm32/14.3.1+st.2/bin/../lib/gcc/arm-none-eabi/14.3.1/../../../../arm-none-eabi/lib/thumb/v7e-m+fp/hard\libg_nano.a(libc_a-findfp.o)
 .text.cleanup_stdio
                0x080043f0       0x40 C:/Users/2/AppData/Local/stm32cube/bundles/gnu-tools-for-stm32/14.3.1+st.2/bin/../lib/gcc/arm-none-eabi/14.3.1/../../../../arm-none-eabi/lib/thumb/v7e-m+fp/hard\libg_nano.a(libc_a-findfp.o)
 .text.global_stdio_init.part.0
                0x08004430       0x40 C:/Users/2/AppData/Local/stm32cube/bundles/gnu-tools-for-stm32/14.3.1+st.2/bin/../lib/gcc/arm-none-eabi/14.3.1/../../../../arm-none-eabi/lib/thumb/v7e-m+fp/hard\libg_nano.a(libc_a-findfp.o)
 .text.__sfp_lock_acquire
                0x08004470        0xc C:/Users/2/AppData/Local/stm32cube/bundles/gnu-tools-for-stm32/14.3.1+st.2/bin/../lib/gcc/arm-none-eabi/14.3.1/../../../../arm-none-eabi/lib/thumb/v7e-m+fp/hard\libg_nano.a(libc_a-findfp.o)
                0x08004470                __sfp_lock_acquire
 .text.__sfp_lock_release
                0x0800447c        0xc C:/Users/2/AppData/Local/stm32cube/bundles/gnu-tools-for-stm32/14.3.1+st.2/bin/../lib/gcc/arm-none-eabi/14.3.1/../../../../arm-none-eabi/lib/thumb/v7e-m+fp/hard\libg_nano.a(libc_a-findfp.o)
                0x0800447c                __sfp_lock_release
 .text.__sinit  0x08004488       0x30 C:/Users/2/AppData/Local/stm32cube/bundles/gnu-tools-for-stm32/14.3.1+st.2/bin/../lib/gcc/arm-none-eabi/14.3.1/../../../../arm-none-eabi/lib/thumb/v7e-m+fp/hard\libg_nano.a(libc_a-findfp.o)
                0x08004488                __sinit
 .text._fwalk_sglue
                0x080044b8       0x3c C:/Users/2/AppData/Local/stm32cube/bundles/gnu-tools-for-stm32/14.3.1+st.2/bin/../lib/gcc/arm-none-eabi/14.3.1/../../../../arm-none-eabi/lib/thumb/v7e-m+fp/hard\libg_nano.a(libc_a-fwalk.o)
                0x080044b8                _fwalk_sglue
 .text.__sread  0x080044f4       0x22 C:/Users/2/AppData/Local/stm32cube/bundles/gnu-tools-for-stm32/14.3.1+st.2/bin/../lib/gcc/arm-none-eabi/14.3.1/../../../../arm-none-eabi/lib/thumb/v7e-m+fp/hard\libg_nano.a(libc_a-stdio.o)
                0x080044f4                __sread
 .text.__swrite
                0x08004516       0x38 C:/Users/2/AppData/Local/stm32cube/bundles/gnu-tools-for-stm32/14.3.1+st.2/bin/../lib/gcc/arm-none-eabi/14.3.1/../../../../arm-none-eabi/lib/thumb/v7e-m+fp/hard\libg_nano.a(libc_a-stdio.o)
                0x08004516                __swrite
 .text.__sseek  0x0800454e       0x26 C:/Users/2/AppData/Local/stm32cube/bundles/gnu-tools-for-stm32/14.3.1+st.2/bin/../lib/gcc/arm-none-eabi/14.3.1/../../../../arm-none-eabi/lib/thumb/v7e-m+fp/hard\libg_nano.a(libc_a-stdio.o)
                0x0800454e                __sseek
 .text.__sclose
                0x08004574        0x8 C:/Users/2/AppData/Local/stm32cube/bundles/gnu-tools-for-stm32/14.3.1+st.2/bin/../lib/gcc/arm-none-eabi/14.3.1/../../../../arm-none-eabi/lib/thumb/v7e-m+fp/hard\libg_nano.a(libc_a-stdio.o)
                0x08004574                __sclose
 .text._vsnprintf_r
                0x0800457c       0x5c C:/Users/2/AppData/Local/stm32cube/bundles/gnu-tools-for-stm32/14.3.1+st.2/bin/../lib/gcc/arm-none-eabi/14.3.1/../../../../arm-none-eabi/lib/thumb/v7e-m+fp/hard\libg_nano.a(libc_a-vsnprintf.o)
                0x0800457c                _vsniprintf_r
                0x0800457c                _vsnprintf_r
 .text.vsnprintf
                0x080045d8       0x1c C:/Users/2/AppData/Local/stm32cube/bundles/gnu-tools-for-stm32/14.3.1+st.2/bin/../lib/gcc/arm-none-eabi/14.3.1/../../../../arm-none-eabi/lib/thumb/v7e-m+fp/hard\libg_nano.a(libc_a-vsnprintf.o)
                0x080045d8                vsniprintf
                0x080045d8                vsnprintf
 .text.memset   0x080045f4       0x10 C:/Users/2/AppData/Local/stm32cube/bundles/gnu-tools-for-stm32/14.3.1+st.2/bin/../lib/gcc/arm-none-eabi/14.3.1/../../../../arm-none-eabi/lib/thumb/v7e-m+fp/hard\libg_nano.a(libc_a-memset.o)
                0x080045f4                memset
 .text.strncpy  0x08004604       0x26 C:/Users/2/AppData/Local/stm32cube/bundles/gnu-tools-for-stm32/14.3.1+st.2/bin/../lib/gcc/arm-none-eabi/14.3.1/../../../../arm-none-eabi/lib/thumb/v7e-m+fp/hard\libg_nano.a(libc_a-strncpy.o)
                0x08004604                strncpy
 *fill*         0x0800462a        0x2 
 .text.strtok   0x0800462c       0x7c C:/Users/2/AppData/Local/stm32cube/bundles/gnu-tools-for-stm32/14.3.1+st.2/bin/../lib/gcc/arm-none-eabi/14.3.1/../../../../arm-none-eabi/lib/thumb/v7e-m+fp/hard\libg_nano.a(libc_a-strtok.o)
                0x0800462c                strtok
 .text.__strtok_r
                0x080046a8       0x50 C:/Users/2/AppData/Local/stm32cube/bundles/gnu-tools-for-stm32/14.3.1+st.2/bin/../lib/gcc/arm-none-eabi/14.3.1/../../../../arm-none-eabi/lib/thumb/v7e-m+fp/hard\libg_nano.a(libc_a-strtok_r.o)
                0x080046a8                __strtok_r
 .text._close_r
                0x080046f8       0x20 C:/Users/2/AppData/Local/stm32cube/bundles/gnu-tools-for-stm32/14.3.1+st.2/bin/../lib/gcc/arm-none-eabi/14.3.1/../../../../arm-none-eabi/lib/thumb/v7e-m+fp/hard\libg_nano.a(libc_a-closer.o)
                0x080046f8                _close_r
 .text._lseek_r
                0x08004718       0x24 C:/Users/2/AppData/Local/stm32cube/bundles/gnu-tools-for-stm32/14.3.1+st.2/bin/../lib/gcc/arm-none-eabi/14.3.1/../../../../arm-none-eabi/lib/thumb/v7e-m+fp/hard\libg_nano.a(libc_a-lseekr.o)
                0x08004718                _lseek_r
 .text._read_r  0x0800473c       0x24 C:/Users/2/AppData/Local/stm32cube/bundles/gnu-tools-for-stm32/14.3.1+st.2/bin/../lib/gcc/arm-none-eabi/14.3.1/../../../../arm-none-eabi/lib/thumb/v7e-m+fp/hard\libg_nano.a(libc_a-readr.o)
                0x0800473c                _read_r
 .text._write_r
                0x08004760       0x24 C:/Users/2/AppData/Local/stm32cube/bundles/gnu-tools-for-stm32/14.3.1+st.2/bin/../lib/gcc/arm-none-eabi/14.3.1/../../../../arm-none-eabi/lib/thumb/v7e-m+fp/hard\libg_nano.a(libc_a-writer.o)
                0x08004760                _write_r
 .text.__errno  0x08004784        0xc C:/Users/2/AppData/Local/stm32cube/bundles/gnu-tools-for-stm32/14.3.1+st.2/bin/../lib/gcc/arm-none-eabi/14.3.1/../../../../arm-none-eabi/lib/thumb/v7e-m+fp/hard\libg_nano.a(libc_a-errno.o)
                0x08004784                __errno
 .text.__libc_init_array
                0x08004790       0x48 C:/Users/2/AppData/Local/stm32cube/bundles/gnu-tools-for-stm32/14.3.1+st.2/bin/../lib/gcc/arm-none-eabi/14.3.1/../../../../arm-none-eabi/lib/thumb/v7e-m+fp/hard\libg_nano.a(libc_a-init.o)
                0x08004790                __libc_init_array
 .text.__retarget_lock_init_recursive
                0x080047d8        0x2 C:/Users/2/AppData/Local/stm32cube/bundles/gnu-tools-for-stm32/14.3.1+st.2/bin/../lib/gcc/arm-none-eabi/14.3.1/../../../../arm-none-eabi/lib/thumb/v7e-m+fp/hard\libg_nano.a(libc_a-lock.o)
                0x080047d8                __retarget_lock_init_recursive
 .text.__retarget_lock_acquire_recursive
                0x080047da        0x2 C:/Users/2/AppData/Local/stm32cube/bundles/gnu-tools-for-stm32/14.3.1+st.2/bin/../lib/gcc/arm-none-eabi/14.3.1/../../../../arm-none-eabi/lib/thumb/v7e-m+fp/hard\libg_nano.a(libc_a-lock.o)
                0x080047da                __retarget_lock_acquire_recursive
 .text.__retarget_lock_release_recursive
                0x080047dc        0x2 C:/Users/2/AppData/Local/stm32cube/bundles/gnu-tools-for-stm32/14.3.1+st.2/bin/../lib/gcc/arm-none-eabi/14.3.1/../../../../arm-none-eabi/lib/thumb/v7e-m+fp/hard\libg_nano.a(libc_a-lock.o)
                0x080047dc                __retarget_lock_release_recursive
 *fill*         0x080047de        0x2 
 .text.__assert_func
                0x080047e0       0x3c C:/Users/2/AppData/Local/stm32cube/bundles/gnu-tools-for-stm32/14.3.1+st.2/bin/../lib/gcc/arm-none-eabi/14.3.1/../../../../arm-none-eabi/lib/thumb/v7e-m+fp/hard\libg_nano.a(libc_a-assert.o)
                0x080047e0                __assert_func
 .text._free_r  0x0800481c       0x94 C:/Users/2/AppData/Local/stm32cube/bundles/gnu-tools-for-stm32/14.3.1+st.2/bin/../lib/gcc/arm-none-eabi/14.3.1/../../../../arm-none-eabi/lib/thumb/v7e-m+fp/hard\libg_nano.a(libc_a-freer.o)
                0x0800481c                _free_r
 .text.malloc   0x080048b0       0x10 C:/Users/2/AppData/Local/stm32cube/bundles/gnu-tools-for-stm32/14.3.1+st.2/bin/../lib/gcc/arm-none-eabi/14.3.1/../../../../arm-none-eabi/lib/thumb/v7e-m+fp/hard\libg_nano.a(libc_a-malloc.o)
                0x080048b0                malloc
 .text.sbrk_aligned
                0x080048c0       0x44 C:/Users/2/AppData/Local/stm32cube/bundles/gnu-tools-for-stm32/14.3.1+st.2/bin/../lib/gcc/arm-none-eabi/14.3.1/../../../../arm-none-eabi/lib/thumb/v7e-m+fp/hard\libg_nano.a(libc_a-mallocr.o)
 .text._malloc_r
                0x08004904      0x100 C:/Users/2/AppData/Local/stm32cube/bundles/gnu-tools-for-stm32/14.3.1+st.2/bin/../lib/gcc/arm-none-eabi/14.3.1/../../../../arm-none-eabi/lib/thumb/v7e-m+fp/hard\libg_nano.a(libc_a-mallocr.o)
                0x08004904                _malloc_r
 .text.__malloc_lock
                0x08004a04        0xc C:/Users/2/AppData/Local/stm32cube/bundles/gnu-tools-for-stm32/14.3.1+st.2/bin/../lib/gcc/arm-none-eabi/14.3.1/../../../../arm-none-eabi/lib/thumb/v7e-m+fp/hard\libg_nano.a(libc_a-mlock.o)
                0x08004a04                __malloc_lock
 .text.__malloc_unlock
                0x08004a10        0xc C:/Users/2/AppData/Local/stm32cube/bundles/gnu-tools-for-stm32/14.3.1+st.2/bin/../lib/gcc/arm-none-eabi/14.3.1/../../../../arm-none-eabi/lib/thumb/v7e-m+fp/hard\libg_nano.a(libc_a-mlock.o)
                0x08004a10                __malloc_unlock
 .text.__ssputs_r
                0x08004a1c       0xc0 C:/Users/2/AppData/Local/stm32cube/bundles/gnu-tools-for-stm32/14.3.1+st.2/bin/../lib/gcc/arm-none-eabi/14.3.1/../../../../arm-none-eabi/lib/thumb/v7e-m+fp/hard\libg_nano.a(libc_a-nano-svfprintf.o)
                0x08004a1c                __ssputs_r
 .text._svfprintf_r
                0x08004adc      0x1f0 C:/Users/2/AppData/Local/stm32cube/bundles/gnu-tools-for-stm32/14.3.1+st.2/bin/../lib/gcc/arm-none-eabi/14.3.1/../../../../arm-none-eabi/lib/thumb/v7e-m+fp/hard\libg_nano.a(libc_a-nano-svfprintf.o)
                0x08004adc                _svfiprintf_r
                0x08004adc                _svfprintf_r
 .text._printf_common
                0x08004ccc       0xda C:/Users/2/AppData/Local/stm32cube/bundles/gnu-tools-for-stm32/14.3.1+st.2/bin/../lib/gcc/arm-none-eabi/14.3.1/../../../../arm-none-eabi/lib/thumb/v7e-m+fp/hard\libg_nano.a(libc_a-nano-vfprintf_i.o)
                0x08004ccc                _printf_common
 *fill*         0x08004da6        0x2 
 .text._printf_i
                0x08004da8      0x24c C:/Users/2/AppData/Local/stm32cube/bundles/gnu-tools-for-stm32/14.3.1+st.2/bin/../lib/gcc/arm-none-eabi/14.3.1/../../../../arm-none-eabi/lib/thumb/v7e-m+fp/hard\libg_nano.a(libc_a-nano-vfprintf_i.o)
                0x08004da8                _printf_i
 .text.__sflush_r
                0x08004ff4      0x104 C:/Users/2/AppData/Local/stm32cube/bundles/gnu-tools-for-stm32/14.3.1+st.2/bin/../lib/gcc/arm-none-eabi/14.3.1/../../../../arm-none-eabi/lib/thumb/v7e-m+fp/hard\libg_nano.a(libc_a-fflush.o)
                0x08004ff4                __sflush_r
 .text._fflush_r
                0x080050f8       0x50 C:/Users/2/AppData/Local/stm32cube/bundles/gnu-tools-for-stm32/14.3.1+st.2/bin/../lib/gcc/arm-none-eabi/14.3.1/../../../../arm-none-eabi/lib/thumb/v7e-m+fp/hard\libg_nano.a(libc_a-fflush.o)
                0x080050f8                _fflush_r
 .text.fprintf  0x08005148       0x24 C:/Users/2/AppData/Local/stm32cube/bundles/gnu-tools-for-stm32/14.3.1+st.2/bin/../lib/gcc/arm-none-eabi/14.3.1/../../../../arm-none-eabi/lib/thumb/v7e-m+fp/hard\libg_nano.a(libc_a-fprintf.o)
                0x08005148                fiprintf
                0x08005148                fprintf
 .text.memmove  0x0800516c       0x32 C:/Users/2/AppData/Local/stm32cube/bundles/gnu-tools-for-stm32/14.3.1+st.2/bin/../lib/gcc/arm-none-eabi/14.3.1/../../../../arm-none-eabi/lib/thumb/v7e-m+fp/hard\libg_nano.a(libc_a-memmove.o)
                0x0800516c                memmove
 *fill*         0x0800519e        0x2 
 .text._sbrk_r  0x080051a0       0x20 C:/Users/2/AppData/Local/stm32cube/bundles/gnu-tools-for-stm32/14.3.1+st.2/bin/../lib/gcc/arm-none-eabi/14.3.1/../../../../arm-none-eabi/lib/thumb/v7e-m+fp/hard\libg_nano.a(libc_a-sbrkr.o)
                0x080051a0                _sbrk_r
 .text.memcpy   0x080051c0       0x1c C:/Users/2/AppData/Local/stm32cube/bundles/gnu-tools-for-stm32/14.3.1+st.2/bin/../lib/gcc/arm-none-eabi/14.3.1/../../../../arm-none-eabi/lib/thumb/v7e-m+fp/hard\libg_nano.a(libc_a-memcpy-stub.o)
                0x080051c0                memcpy
 .text.abort    0x080051dc        0xe C:/Users/2/AppData/Local/stm32cube/bundles/gnu-tools-for-stm32/14.3.1+st.2/bin/../lib/gcc/arm-none-eabi/14.3.1/../../../../arm-none-eabi/lib/thumb/v7e-m+fp/hard\libg_nano.a(libc_a-abort.o)
                0x080051dc                abort
 .text._realloc_r
                0x080051ea       0x5c C:/Users/2/AppData/Local/stm32cube/bundles/gnu-tools-for-stm32/14.3.1+st.2/bin/../lib/gcc/arm-none-eabi/14.3.1/../../../../arm-none-eabi/lib/thumb/v7e-m+fp/hard\libg_nano.a(libc_a-reallocr.o)
                0x080051ea                _realloc_r
 .text.__sfputc_r
                0x08005246       0x2e C:/Users/2/AppData/Local/stm32cube/bundles/gnu-tools-for-stm32/14.3.1+st.2/bin/../lib/gcc/arm-none-eabi/14.3.1/../../../../arm-none-eabi/lib/thumb/v7e-m+fp/hard\libg_nano.a(libc_a-nano-vfprintf.o)
 .text.__sfputs_r
                0x08005274       0x24 C:/Users/2/AppData/Local/stm32cube/bundles/gnu-tools-for-stm32/14.3.1+st.2/bin/../lib/gcc/arm-none-eabi/14.3.1/../../../../arm-none-eabi/lib/thumb/v7e-m+fp/hard\libg_nano.a(libc_a-nano-vfprintf.o)
                0x08005274                __sfputs_r
 .text._vfprintf_r
                0x08005298      0x228 C:/Users/2/AppData/Local/stm32cube/bundles/gnu-tools-for-stm32/14.3.1+st.2/bin/../lib/gcc/arm-none-eabi/14.3.1/../../../../arm-none-eabi/lib/thumb/v7e-m+fp/hard\libg_nano.a(libc_a-nano-vfprintf.o)
                0x08005298                _vfprintf_r
                0x08005298                _vfiprintf_r
 .text.__swbuf_r
                0x080054c0       0x7c C:/Users/2/AppData/Local/stm32cube/bundles/gnu-tools-for-stm32/14.3.1+st.2/bin/../lib/gcc/arm-none-eabi/14.3.1/../../../../arm-none-eabi/lib/thumb/v7e-m+fp/hard\libg_nano.a(libc_a-wbuf.o)
                0x080054c0                __swbuf_r
 .text.__swsetup_r
                0x0800553c       0xa8 C:/Users/2/AppData/Local/stm32cube/bundles/gnu-tools-for-stm32/14.3.1+st.2/bin/../lib/gcc/arm-none-eabi/14.3.1/../../../../arm-none-eabi/lib/thumb/v7e-m+fp/hard\libg_nano.a(libc_a-wsetup.o)
                0x0800553c                __swsetup_r
 .text._raise_r
                0x080055e4       0x50 C:/Users/2/AppData/Local/stm32cube/bundles/gnu-tools-for-stm32/14.3.1+st.2/bin/../lib/gcc/arm-none-eabi/14.3.1/../../../../arm-none-eabi/lib/thumb/v7e-m+fp/hard\libg_nano.a(libc_a-signal.o)
                0x080055e4                _raise_r
 .text.raise    0x08005634       0x10 C:/Users/2/AppData/Local/stm32cube/bundles/gnu-tools-for-stm32/14.3.1+st.2/bin/../lib/gcc/arm-none-eabi/14.3.1/../../../../arm-none-eabi/lib/thumb/v7e-m+fp/hard\libg_nano.a(libc_a-signal.o)
                0x08005634                raise
 .text._kill_r  0x08005644       0x24 C:/Users/2/AppData/Local/stm32cube/bundles/gnu-tools-for-stm32/14.3.1+st.2/bin/../lib/gcc/arm-none-eabi/14.3.1/../../../../arm-none-eabi/lib/thumb/v7e-m+fp/hard\libg_nano.a(libc_a-signalr.o)
                0x08005644                _kill_r
 .text._getpid_r
                0x08005668        0x4 C:/Users/2/AppData/Local/stm32cube/bundles/gnu-tools-for-stm32/14.3.1+st.2/bin/../lib/gcc/arm-none-eabi/14.3.1/../../../../arm-none-eabi/lib/thumb/v7e-m+fp/hard\libg_nano.a(libc_a-signalr.o)
                0x08005668                _getpid_r
 .text._malloc_usable_size_r
                0x0800566c       0x10 C:/Users/2/AppData/Local/stm32cube/bundles/gnu-tools-for-stm32/14.3.1+st.2/bin/../lib/gcc/arm-none-eabi/14.3.1/../../../../arm-none-eabi/lib/thumb/v7e-m+fp/hard\libg_nano.a(libc_a-msizer.o)
                0x0800566c                _malloc_usable_size_r
 .text.__swhatbuf_r
                0x0800567c       0x48 C:/Users/2/AppData/Local/stm32cube/bundles/gnu-tools-for-stm32/14.3.1+st.2/bin/../lib/gcc/arm-none-eabi/14.3.1/../../../../arm-none-eabi/lib/thumb/v7e-m+fp/hard\libg_nano.a(libc_a-makebuf.o)
                0x0800567c                __swhatbuf_r
 .text.__smakebuf_r
                0x080056c4       0x72 C:/Users/2/AppData/Local/stm32cube/bundles/gnu-tools-for-stm32/14.3.1+st.2/bin/../lib/gcc/arm-none-eabi/14.3.1/../../../../arm-none-eabi/lib/thumb/v7e-m+fp/hard\libg_nano.a(libc_a-makebuf.o)
                0x080056c4                __smakebuf_r
 *fill*         0x08005736        0x2 
 .text._fstat_r
                0x08005738       0x24 C:/Users/2/AppData/Local/stm32cube/bundles/gnu-tools-for-stm32/14.3.1+st.2/bin/../lib/gcc/arm-none-eabi/14.3.1/../../../../arm-none-eabi/lib/thumb/v7e-m+fp/hard\libg_nano.a(libc_a-fstatr.o)
                0x08005738                _fstat_r
 .text._isatty_r
                0x0800575c       0x20 C:/Users/2/AppData/Local/stm32cube/bundles/gnu-tools-for-stm32/14.3.1+st.2/bin/../lib/gcc/arm-none-eabi/14.3.1/../../../../arm-none-eabi/lib/thumb/v7e-m+fp/hard\libg_nano.a(libc_a-isattyr.o)
                0x0800575c                _isatty_r
 *(.glue_7)
 .glue_7        0x0800577c        0x0 linker stubs
 *(.glue_7t)
 .glue_7t       0x0800577c        0x0 linker stubs
 *(.eh_frame)
 .eh_frame      0x0800577c        0x0 C:/Users/2/AppData/Local/stm32cube/bundles/gnu-tools-for-stm32/14.3.1+st.2/bin/../lib/gcc/arm-none-eabi/14.3.1/thumb/v7e-m+fp/hard/crtbegin.o
 *(.init)
 .init          0x0800577c        0x4 C:/Users/2/AppData/Local/stm32cube/bundles/gnu-tools-for-stm32/14.3.1+st.2/bin/../lib/gcc/arm-none-eabi/14.3.1/thumb/v7e-m+fp/hard/crti.o
                0x0800577c                _init
 .init          0x08005780        0x8 C:/Users/2/AppData/Local/stm32cube/bundles/gnu-tools-for-stm32/14.3.1+st.2/bin/../lib/gcc/arm-none-eabi/14.3.1/thumb/v7e-m+fp/hard/crtn.o
 *(.fini)
 .fini          0x08005788        0x4 C:/Users/2/AppData/Local/stm32cube/bundles/gnu-tools-for-stm32/14.3.1+st.2/bin/../lib/gcc/arm-none-eabi/14.3.1/thumb/v7e-m+fp/hard/crti.o
                0x08005788                _fini
 .fini          0x0800578c        0x8 C:/Users/2/AppData/Local/stm32cube/bundles/gnu-tools-for-stm32/14.3.1+st.2/bin/../lib/gcc/arm-none-eabi/14.3.1/thumb/v7e-m+fp/hard/crtn.o
                0x08005794                        . = ALIGN (0x4)
                0x08005794                        _etext = .

.vfp11_veneer   0x08005794        0x0
 .vfp11_veneer  0x08005794        0x0 linker stubs

.v4_bx          0x08005794        0x0
 .v4_bx         0x08005794        0x0 linker stubs

.iplt           0x08005794        0x0
 .iplt          0x08005794        0x0 C:/Users/2/AppData/Local/stm32cube/bundles/gnu-tools-for-stm32/14.3.1+st.2/bin/../lib/gcc/arm-none-eabi/14.3.1/thumb/v7e-m+fp/hard/crtbegin.o

.rodata         0x08005794      0x634
                0x08005794                        . = ALIGN (0x4)
 *(.rodata)
 .rodata        0x08005794      0x377 CMakeFiles/stm32f_cli.dir/MyApp/ap/ap.c.obj
 *fill*         0x08005b0b        0x1 
 .rodata        0x08005b0c       0x1a CMakeFiles/stm32f_cli.dir/MyApp/hw/driver/button.c.obj
 *fill*         0x08005b26        0x2 
 .rodata        0x08005b28       0xa3 CMakeFiles/stm32f_cli.dir/MyApp/hw/driver/cli.c.obj
 *(.rodata*)
 *fill*         0x08005bcb        0x1 
 .rodata.AHBPrescTable
                0x08005bcc       0x10 cmake/stm32cubemx/CMakeFiles/STM32_Drivers.dir/__/__/Core/Src/system_stm32f4xx.c.obj
                0x08005bcc                AHBPrescTable
 .rodata.APBPrescTable
                0x08005bdc        0x8 cmake/stm32cubemx/CMakeFiles/STM32_Drivers.dir/__/__/Core/Src/system_stm32f4xx.c.obj
                0x08005bdc                APBPrescTable
 .rodata._ctype_
                0x08005be4      0x101 C:/Users/2/AppData/Local/stm32cube/bundles/gnu-tools-for-stm32/14.3.1+st.2/bin/../lib/gcc/arm-none-eabi/14.3.1/../../../../arm-none-eabi/lib/thumb/v7e-m+fp/hard\libg_nano.a(libc_a-ctype_.o)
                0x08005be4                _ctype_
 .rodata.strtok.str1.1
                0x08005ce5       0xe0 C:/Users/2/AppData/Local/stm32cube/bundles/gnu-tools-for-stm32/14.3.1+st.2/bin/../lib/gcc/arm-none-eabi/14.3.1/../../../../arm-none-eabi/lib/thumb/v7e-m+fp/hard\libg_nano.a(libc_a-strtok.o)
                                 0x71 (size before relaxing)
 .rodata.__assert_func.str1.1
                0x08005dc5       0x3d C:/Users/2/AppData/Local/stm32cube/bundles/gnu-tools-for-stm32/14.3.1+st.2/bin/../lib/gcc/arm-none-eabi/14.3.1/../../../../arm-none-eabi/lib/thumb/v7e-m+fp/hard\libg_nano.a(libc_a-assert.o)
 .rodata._svfprintf_r.str1.1
                0x08005dc5       0x11 C:/Users/2/AppData/Local/stm32cube/bundles/gnu-tools-for-stm32/14.3.1+st.2/bin/../lib/gcc/arm-none-eabi/14.3.1/../../../../arm-none-eabi/lib/thumb/v7e-m+fp/hard\libg_nano.a(libc_a-nano-svfprintf.o)
 .rodata._printf_i.str1.1
                0x08005dc5       0x22 C:/Users/2/AppData/Local/stm32cube/bundles/gnu-tools-for-stm32/14.3.1+st.2/bin/../lib/gcc/arm-none-eabi/14.3.1/../../../../arm-none-eabi/lib/thumb/v7e-m+fp/hard\libg_nano.a(libc_a-nano-vfprintf_i.o)
 .rodata._vfprintf_r.str1.1
                0x08005dc5       0x11 C:/Users/2/AppData/Local/stm32cube/bundles/gnu-tools-for-stm32/14.3.1+st.2/bin/../lib/gcc/arm-none-eabi/14.3.1/../../../../arm-none-eabi/lib/thumb/v7e-m+fp/hard\libg_nano.a(libc_a-nano-vfprintf.o)
                0x08005e04                        . = ALIGN (0x4)
 *fill*         0x08005dc5        0x3 

.ARM.extab      0x08005dc8        0x0
                0x08005dc8                        . = ALIGN (0x4)
 *(.ARM.extab* .gnu.linkonce.armextab.*)
                0x08005dc8                        . = ALIGN (0x4)

.ARM            0x08005dc8        0x8
                0x08005dc8                        . = ALIGN (0x4)
                0x08005dc8                        __exidx_start = .
 *(.ARM.exidx*)
 .ARM.exidx     0x08005dc8        0x8 C:/Users/2/AppData/Local/stm32cube/bundles/gnu-tools-for-stm32/14.3.1+st.2/bin/../lib/gcc/arm-none-eabi/14.3.1/thumb/v7e-m+fp/hard\libgcc.a(_udivmoddi4.o)
 .ARM.exidx     0x08005dd0        0x0 C:/Users/2/AppData/Local/stm32cube/bundles/gnu-tools-for-stm32/14.3.1+st.2/bin/../lib/gcc/arm-none-eabi/14.3.1/../../../../arm-none-eabi/lib/thumb/v7e-m+fp/hard\libg_nano.a(libc_a-strcmp.o)
                                  0x8 (size before relaxing)
 .ARM.exidx     0x08005dd0        0x0 C:/Users/2/AppData/Local/stm32cube/bundles/gnu-tools-for-stm32/14.3.1+st.2/bin/../lib/gcc/arm-none-eabi/14.3.1/../../../../arm-none-eabi/lib/thumb/v7e-m+fp/hard\libg_nano.a(libc_a-strlen.o)
                                  0x8 (size before relaxing)
 .ARM.exidx     0x08005dd0        0x0 C:/Users/2/AppData/Local/stm32cube/bundles/gnu-tools-for-stm32/14.3.1+st.2/bin/../lib/gcc/arm-none-eabi/14.3.1/../../../../arm-none-eabi/lib/thumb/v7e-m+fp/hard\libg_nano.a(libc_a-memchr.o)
                                  0x8 (size before relaxing)
                0x08005dd0                        __exidx_end = .
                0x08005dd0                        . = ALIGN (0x4)

.preinit_array  0x08005dd0        0x0
                0x08005dd0                        . = ALIGN (0x4)
                0x08005dd0                        PROVIDE (__preinit_array_start = .)
 *(.preinit_array*)
                0x08005dd0                        PROVIDE (__preinit_array_end = .)
                0x08005dd0                        . = ALIGN (0x4)

.init_array     0x08005dd0        0x4
                0x08005dd0                        . = ALIGN (0x4)
                0x08005dd0                        PROVIDE (__init_array_start = .)
 *(SORT_BY_NAME(.init_array.*))
 *(.init_array*)
 .init_array    0x08005dd0        0x4 C:/Users/2/AppData/Local/stm32cube/bundles/gnu-tools-for-stm32/14.3.1+st.2/bin/../lib/gcc/arm-none-eabi/14.3.1/thumb/v7e-m+fp/hard/crtbegin.o
                0x08005dd4                        PROVIDE (__init_array_end = .)
                0x08005dd4                        . = ALIGN (0x4)

.fini_array     0x08005dd4        0x4
                0x08005dd4                        . = ALIGN (0x4)
                [!provide]                        PROVIDE (__fini_array_start = .)
 *(SORT_BY_NAME(.fini_array.*))
 *(.fini_array*)
 .fini_array    0x08005dd4        0x4 C:/Users/2/AppData/Local/stm32cube/bundles/gnu-tools-for-stm32/14.3.1+st.2/bin/../lib/gcc/arm-none-eabi/14.3.1/thumb/v7e-m+fp/hard/crtbegin.o
                [!provide]                        PROVIDE (__fini_array_end = .)
                0x08005dd8                        . = ALIGN (0x4)
                0x08005dd8                        _sidata = LOADADDR (.data)

.rel.dyn        0x08005dd8        0x0
 .rel.iplt      0x08005dd8        0x0 C:/Users/2/AppData/Local/stm32cube/bundles/gnu-tools-for-stm32/14.3.1+st.2/bin/../lib/gcc/arm-none-eabi/14.3.1/thumb/v7e-m+fp/hard/crtbegin.o

.data           0x20000000       0x68 load address 0x08005dd8
                0x20000000                        . = ALIGN (0x4)
                0x20000000                        _sdata = .
 *(.data)
 *(.data*)
 .data.SystemCoreClock
                0x20000000        0x4 cmake/stm32cubemx/CMakeFiles/STM32_Drivers.dir/__/__/Core/Src/system_stm32f4xx.c.obj
                0x20000000                SystemCoreClock
 .data.uwTickPrio
                0x20000004        0x4 cmake/stm32cubemx/CMakeFiles/STM32_Drivers.dir/__/__/Drivers/STM32F4xx_HAL_Driver/Src/stm32f4xx_hal.c.obj
                0x20000004                uwTickPrio
 .data.uwTickFreq
                0x20000008        0x1 cmake/stm32cubemx/CMakeFiles/STM32_Drivers.dir/__/__/Drivers/STM32F4xx_HAL_Driver/Src/stm32f4xx_hal.c.obj
                0x20000008                uwTickFreq
 *fill*         0x20000009        0x3 
 .data.__sglue  0x2000000c        0xc C:/Users/2/AppData/Local/stm32cube/bundles/gnu-tools-for-stm32/14.3.1+st.2/bin/../lib/gcc/arm-none-eabi/14.3.1/../../../../arm-none-eabi/lib/thumb/v7e-m+fp/hard\libg_nano.a(libc_a-findfp.o)
                0x2000000c                __sglue
 .data._impure_ptr
                0x20000018        0x4 C:/Users/2/AppData/Local/stm32cube/bundles/gnu-tools-for-stm32/14.3.1+st.2/bin/../lib/gcc/arm-none-eabi/14.3.1/../../../../arm-none-eabi/lib/thumb/v7e-m+fp/hard\libg_nano.a(libc_a-impure.o)
                0x20000018                _impure_ptr
 .data._impure_data
                0x2000001c       0x4c C:/Users/2/AppData/Local/stm32cube/bundles/gnu-tools-for-stm32/14.3.1+st.2/bin/../lib/gcc/arm-none-eabi/14.3.1/../../../../arm-none-eabi/lib/thumb/v7e-m+fp/hard\libg_nano.a(libc_a-impure.o)
                0x2000001c                _impure_data
 *(.RamFunc)
 *(.RamFunc*)
                0x20000068                        . = ALIGN (0x4)

.igot.plt       0x20000068        0x0 load address 0x08005e40
 .igot.plt      0x20000068        0x0 C:/Users/2/AppData/Local/stm32cube/bundles/gnu-tools-for-stm32/14.3.1+st.2/bin/../lib/gcc/arm-none-eabi/14.3.1/thumb/v7e-m+fp/hard/crtbegin.o

.tdata          0x20000068        0x0 load address 0x08005e40
 *(.tdata .tdata.* .gnu.linkonce.td.*)
                0x20000068                        . = ALIGN (0x4)
                0x20000068                        _edata = .
                [!provide]                        PROVIDE (__data_end = .)
                [!provide]                        PROVIDE (__tdata_end = .)
                [!provide]                        PROVIDE (__tdata_start = ADDR (.tdata))
                [!provide]                        PROVIDE (__tdata_size = (__tdata_end - __tdata_start))
                [!provide]                        PROVIDE (__data_start = ADDR (.data))
                [!provide]                        PROVIDE (__data_size = (__data_end - __data_start))
                [!provide]                        PROVIDE (__tdata_source = LOADADDR (.tdata))
                [!provide]                        PROVIDE (__tdata_source_end = (LOADADDR (.tdata) + SIZEOF (.tdata)))
                [!provide]                        PROVIDE (__tdata_source_size = (__tdata_source_end - __tdata_source))
                [!provide]                        PROVIDE (__data_source = LOADADDR (.data))
                [!provide]                        PROVIDE (__data_source_end = __tdata_source_end)
                [!provide]                        PROVIDE (__data_source_size = (__data_source_end - __data_source))

.tbss           0x20000068        0x0 load address 0x08005e40
                0x20000068                        _sbss = .
                0x20000068                        __bss_start__ = _sbss
 *(.tbss .tbss.*)
                0x20000068                        . = ALIGN (0x4)
                [!provide]                        PROVIDE (__tbss_end = .)
                [!provide]                        PROVIDE (__tbss_start = ADDR (.tbss))
                [!provide]                        PROVIDE (__tbss_size = (__tbss_end - __tbss_start))
                [!provide]                        PROVIDE (__tbss_offset = (ADDR (.tbss) - ADDR (.tdata)))
                [!provide]                        PROVIDE (__tls_base = __tdata_start)
                [!provide]                        PROVIDE (__tls_end = __tbss_end)
                [!provide]                        PROVIDE (__tls_size = (__tls_end - __tls_base))
                [!provide]                        PROVIDE (__tls_align = MAX (ALIGNOF (.tdata), ALIGNOF (.tbss)))
                [!provide]                        PROVIDE (__tls_size_align = (((__tls_size + __tls_align) - 0x1) & ~ ((__tls_align - 0x1))))
                [!provide]                        PROVIDE (__arm32_tls_tcb_offset = MAX (0x8, __tls_align))
                [!provide]                        PROVIDE (__arm64_tls_tcb_offset = MAX (0x10, __tls_align))

.bss            0x20000068      0x6c4 load address 0x08005e40
 *(.bss)
 .bss           0x20000068       0x1c C:/Users/2/AppData/Local/stm32cube/bundles/gnu-tools-for-stm32/14.3.1+st.2/bin/../lib/gcc/arm-none-eabi/14.3.1/thumb/v7e-m+fp/hard/crtbegin.o
 *(.bss*)
 .bss.uwTick    0x20000084        0x4 cmake/stm32cubemx/CMakeFiles/STM32_Drivers.dir/__/__/Drivers/STM32F4xx_HAL_Driver/Src/stm32f4xx_hal.c.obj
                0x20000084                uwTick
 .bss.huart2    0x20000088       0x48 CMakeFiles/stm32f_cli.dir/Core/Src/usart.c.obj
                0x20000088                huart2
 .bss.__sbrk_heap_end
                0x200000d0        0x4 CMakeFiles/stm32f_cli.dir/Core/Src/sysmem.c.obj
 .bss.is_enable
                0x200000d4        0x1 CMakeFiles/stm32f_cli.dir/MyApp/hw/driver/button.c.obj
 *fill*         0x200000d5        0x3 
 .bss.cli_cmd_list
                0x200000d8      0x280 CMakeFiles/stm32f_cli.dir/MyApp/hw/driver/cli.c.obj
 .bss.cli_cmd_count
                0x20000358        0x1 CMakeFiles/stm32f_cli.dir/MyApp/hw/driver/cli.c.obj
 .bss.cli_argc  0x20000359        0x1 CMakeFiles/stm32f_cli.dir/MyApp/hw/driver/cli.c.obj
 *fill*         0x2000035a        0x2 
 .bss.cli_argv  0x2000035c       0x10 CMakeFiles/stm32f_cli.dir/MyApp/hw/driver/cli.c.obj
 .bss.cli_line_buf
                0x2000036c       0x20 CMakeFiles/stm32f_cli.dir/MyApp/hw/driver/cli.c.obj
 .bss.cli_line_idx
                0x2000038c        0x2 CMakeFiles/stm32f_cli.dir/MyApp/hw/driver/cli.c.obj
 *fill*         0x2000038e        0x2 
 .bss.cli_history_buf
                0x20000390      0x140 CMakeFiles/stm32f_cli.dir/MyApp/hw/driver/cli.c.obj
 .bss.esc_state
                0x200004d0        0x1 CMakeFiles/stm32f_cli.dir/MyApp/hw/driver/cli.c.obj
 .bss.cli_hist_count
                0x200004d1        0x1 CMakeFiles/stm32f_cli.dir/MyApp/hw/driver/cli.c.obj
 .bss.cli_hist_write
                0x200004d2        0x1 CMakeFiles/stm32f_cli.dir/MyApp/hw/driver/cli.c.obj
 .bss.cli_hist_depth
                0x200004d3        0x1 CMakeFiles/stm32f_cli.dir/MyApp/hw/driver/cli.c.obj
 .bss.rx_buf    0x200004d4      0x100 CMakeFiles/stm32f_cli.dir/MyApp/hw/driver/uart.c.obj
 .bss.rx_buf_head
                0x200005d4        0x4 CMakeFiles/stm32f_cli.dir/MyApp/hw/driver/uart.c.obj
 .bss.rx_buf_tail
                0x200005d8        0x4 CMakeFiles/stm32f_cli.dir/MyApp/hw/driver/uart.c.obj
 .bss.rx_data   0x200005dc        0x1 CMakeFiles/stm32f_cli.dir/MyApp/hw/driver/uart.c.obj
 *fill*         0x200005dd        0x3 
 .bss.__sf      0x200005e0      0x138 C:/Users/2/AppData/Local/stm32cube/bundles/gnu-tools-for-stm32/14.3.1+st.2/bin/../lib/gcc/arm-none-eabi/14.3.1/../../../../arm-none-eabi/lib/thumb/v7e-m+fp/hard\libg_nano.a(libc_a-findfp.o)
                0x200005e0                __sf
 .bss.__stdio_exit_handler
                0x20000718        0x4 C:/Users/2/AppData/Local/stm32cube/bundles/gnu-tools-for-stm32/14.3.1+st.2/bin/../lib/gcc/arm-none-eabi/14.3.1/../../../../arm-none-eabi/lib/thumb/v7e-m+fp/hard\libg_nano.a(libc_a-findfp.o)
                0x20000718                __stdio_exit_handler
 .bss.errno     0x2000071c        0x4 C:/Users/2/AppData/Local/stm32cube/bundles/gnu-tools-for-stm32/14.3.1+st.2/bin/../lib/gcc/arm-none-eabi/14.3.1/../../../../arm-none-eabi/lib/thumb/v7e-m+fp/hard\libg_nano.a(libc_a-reent.o)
                0x2000071c                errno
 .bss.__lock___malloc_recursive_mutex
                0x20000720        0x1 C:/Users/2/AppData/Local/stm32cube/bundles/gnu-tools-for-stm32/14.3.1+st.2/bin/../lib/gcc/arm-none-eabi/14.3.1/../../../../arm-none-eabi/lib/thumb/v7e-m+fp/hard\libg_nano.a(libc_a-lock.o)
                0x20000720                __lock___malloc_recursive_mutex
 .bss.__lock___sfp_recursive_mutex
                0x20000721        0x1 C:/Users/2/AppData/Local/stm32cube/bundles/gnu-tools-for-stm32/14.3.1+st.2/bin/../lib/gcc/arm-none-eabi/14.3.1/../../../../arm-none-eabi/lib/thumb/v7e-m+fp/hard\libg_nano.a(libc_a-lock.o)
                0x20000721                __lock___sfp_recursive_mutex
 *fill*         0x20000722        0x2 
 .bss.__malloc_sbrk_start
                0x20000724        0x4 C:/Users/2/AppData/Local/stm32cube/bundles/gnu-tools-for-stm32/14.3.1+st.2/bin/../lib/gcc/arm-none-eabi/14.3.1/../../../../arm-none-eabi/lib/thumb/v7e-m+fp/hard\libg_nano.a(libc_a-mallocr.o)
                0x20000724                __malloc_sbrk_start
 .bss.__malloc_free_list
                0x20000728        0x4 C:/Users/2/AppData/Local/stm32cube/bundles/gnu-tools-for-stm32/14.3.1+st.2/bin/../lib/gcc/arm-none-eabi/14.3.1/../../../../arm-none-eabi/lib/thumb/v7e-m+fp/hard\libg_nano.a(libc_a-mallocr.o)
                0x20000728                __malloc_free_list
 *(COMMON)
                0x2000072c                        . = ALIGN (0x4)
                0x2000072c                        _ebss = .
                0x2000072c                        __bss_end__ = _ebss
                [!provide]                        PROVIDE (__bss_end = .)
                [!provide]                        PROVIDE (__non_tls_bss_start = ADDR (.bss))
                [!provide]                        PROVIDE (__bss_start = __tbss_start)
                [!provide]                        PROVIDE (__bss_size = (__bss_end - __bss_start))

._user_heap_stack
                0x2000072c      0x604 load address 0x08005e40
                0x20000730                        . = ALIGN (0x8)
 *fill*         0x2000072c        0x4 
                [!provide]                        PROVIDE (end = .)
                0x20000730                        PROVIDE (_end = .)
                0x20000930                        . = (. + _Min_Heap_Size)
 *fill*         0x20000730      0x200 
                0x20000d30                        . = (. + _Min_Stack_Size)
 *fill*         0x20000930      0x400 
                0x20000d30                        . = ALIGN (0x8)

/DISCARD/
 libc.a:*(*)
 libm.a:*(*)
 libgcc.a:*(*)
OUTPUT(stm32f_cli.elf elf32-littlearm)
LOAD linker stubs

.ARM.attributes
                0x00000000       0x30
 .ARM.attributes
                0x00000000       0x22 C:/Users/2/AppData/Local/stm32cube/bundles/gnu-tools-for-stm32/14.3.1+st.2/bin/../lib/gcc/arm-none-eabi/14.3.1/thumb/v7e-m+fp/hard/crti.o
 .ARM.attributes
                0x00000022       0x34 C:/Users/2/AppData/Local/stm32cube/bundles/gnu-tools-for-stm32/14.3.1+st.2/bin/../lib/gcc/arm-none-eabi/14.3.1/thumb/v7e-m+fp/hard/crtbegin.o
 .ARM.attributes
                0x00000056       0x34 cmake/stm32cubemx/CMakeFiles/STM32_Drivers.dir/__/__/Core/Src/system_stm32f4xx.c.obj
 .ARM.attributes
                0x0000008a       0x34 cmake/stm32cubemx/CMakeFiles/STM32_Drivers.dir/__/__/Drivers/STM32F4xx_HAL_Driver/Src/stm32f4xx_hal_uart.c.obj
 .ARM.attributes
                0x000000be       0x34 cmake/stm32cubemx/CMakeFiles/STM32_Drivers.dir/__/__/Drivers/STM32F4xx_HAL_Driver/Src/stm32f4xx_hal_rcc.c.obj
 .ARM.attributes
                0x000000f2       0x34 cmake/stm32cubemx/CMakeFiles/STM32_Drivers.dir/__/__/Drivers/STM32F4xx_HAL_Driver/Src/stm32f4xx_hal_gpio.c.obj
 .ARM.attributes
                0x00000126       0x34 cmake/stm32cubemx/CMakeFiles/STM32_Drivers.dir/__/__/Drivers/STM32F4xx_HAL_Driver/Src/stm32f4xx_hal_dma.c.obj
 .ARM.attributes
                0x0000015a       0x34 cmake/stm32cubemx/CMakeFiles/STM32_Drivers.dir/__/__/Drivers/STM32F4xx_HAL_Driver/Src/stm32f4xx_hal_cortex.c.obj
 .ARM.attributes
                0x0000018e       0x34 cmake/stm32cubemx/CMakeFiles/STM32_Drivers.dir/__/__/Drivers/STM32F4xx_HAL_Driver/Src/stm32f4xx_hal.c.obj
 .ARM.attributes
                0x000001c2       0x34 CMakeFiles/stm32f_cli.dir/Core/Src/main.c.obj
 .ARM.attributes
                0x000001f6       0x34 CMakeFiles/stm32f_cli.dir/Core/Src/gpio.c.obj
 .ARM.attributes
                0x0000022a       0x34 CMakeFiles/stm32f_cli.dir/Core/Src/usart.c.obj
 .ARM.attributes
                0x0000025e       0x34 CMakeFiles/stm32f_cli.dir/Core/Src/stm32f4xx_it.c.obj
 .ARM.attributes
                0x00000292       0x34 CMakeFiles/stm32f_cli.dir/Core/Src/stm32f4xx_hal_msp.c.obj
 .ARM.attributes
                0x000002c6       0x34 CMakeFiles/stm32f_cli.dir/Core/Src/sysmem.c.obj
 .ARM.attributes
                0x000002fa       0x34 CMakeFiles/stm32f_cli.dir/Core/Src/syscalls.c.obj
 .ARM.attributes
                0x0000032e       0x21 CMakeFiles/stm32f_cli.dir/startup_stm32f411xe.s.obj
 .ARM.attributes
                0x0000034f       0x34 CMakeFiles/stm32f_cli.dir/MyApp/ap/ap.c.obj
 .ARM.attributes
                0x00000383       0x34 CMakeFiles/stm32f_cli.dir/MyApp/bsp/bsp.c.obj
 .ARM.attributes
                0x000003b7       0x34 CMakeFiles/stm32f_cli.dir/MyApp/hw/driver/button.c.obj
 .ARM.attributes
                0x000003eb       0x34 CMakeFiles/stm32f_cli.dir/MyApp/hw/driver/cli.c.obj
 .ARM.attributes
                0x0000041f       0x34 CMakeFiles/stm32f_cli.dir/MyApp/hw/driver/led.c.obj
 .ARM.attributes
                0x00000453       0x34 CMakeFiles/stm32f_cli.dir/MyApp/hw/driver/my_gpio.c.obj
 .ARM.attributes
                0x00000487       0x34 CMakeFiles/stm32f_cli.dir/MyApp/hw/driver/uart.c.obj
 .ARM.attributes
                0x000004bb       0x34 CMakeFiles/stm32f_cli.dir/MyApp/hw/hw.c.obj
 .ARM.attributes
                0x000004ef       0x22 C:/Users/2/AppData/Local/stm32cube/bundles/gnu-tools-for-stm32/14.3.1+st.2/bin/../lib/gcc/arm-none-eabi/14.3.1/thumb/v7e-m+fp/hard\libgcc.a(_aeabi_uldivmod.o)
 .ARM.attributes
                0x00000511       0x34 C:/Users/2/AppData/Local/stm32cube/bundles/gnu-tools-for-stm32/14.3.1+st.2/bin/../lib/gcc/arm-none-eabi/14.3.1/thumb/v7e-m+fp/hard\libgcc.a(_udivmoddi4.o)
 .ARM.attributes
                0x00000545       0x22 C:/Users/2/AppData/Local/stm32cube/bundles/gnu-tools-for-stm32/14.3.1+st.2/bin/../lib/gcc/arm-none-eabi/14.3.1/thumb/v7e-m+fp/hard\libgcc.a(_dvmd_tls.o)
 .ARM.attributes
                0x00000567       0x34 C:/Users/2/AppData/Local/stm32cube/bundles/gnu-tools-for-stm32/14.3.1+st.2/bin/../lib/gcc/arm-none-eabi/14.3.1/../../../../arm-none-eabi/lib/thumb/v7e-m+fp/hard\libg_nano.a(libc_a-atoi.o)
 .ARM.attributes
                0x0000059b       0x34 C:/Users/2/AppData/Local/stm32cube/bundles/gnu-tools-for-stm32/14.3.1+st.2/bin/../lib/gcc/arm-none-eabi/14.3.1/../../../../arm-none-eabi/lib/thumb/v7e-m+fp/hard\libg_nano.a(libc_a-strtol.o)
 .ARM.attributes
                0x000005cf       0x34 C:/Users/2/AppData/Local/stm32cube/bundles/gnu-tools-for-stm32/14.3.1+st.2/bin/../lib/gcc/arm-none-eabi/14.3.1/../../../../arm-none-eabi/lib/thumb/v7e-m+fp/hard\libg_nano.a(libc_a-strtoul.o)
 .ARM.attributes
                0x00000603       0x34 C:/Users/2/AppData/Local/stm32cube/bundles/gnu-tools-for-stm32/14.3.1+st.2/bin/../lib/gcc/arm-none-eabi/14.3.1/../../../../arm-none-eabi/lib/thumb/v7e-m+fp/hard\libg_nano.a(libc_a-ctype_.o)
 .ARM.attributes
                0x00000637       0x34 C:/Users/2/AppData/Local/stm32cube/bundles/gnu-tools-for-stm32/14.3.1+st.2/bin/../lib/gcc/arm-none-eabi/14.3.1/../../../../arm-none-eabi/lib/thumb/v7e-m+fp/hard\libg_nano.a(libc_a-findfp.o)
 .ARM.attributes
                0x0000066b       0x34 C:/Users/2/AppData/Local/stm32cube/bundles/gnu-tools-for-stm32/14.3.1+st.2/bin/../lib/gcc/arm-none-eabi/14.3.1/../../../../arm-none-eabi/lib/thumb/v7e-m+fp/hard\libg_nano.a(libc_a-fwalk.o)
 .ARM.attributes
                0x0000069f       0x34 C:/Users/2/AppData/Local/stm32cube/bundles/gnu-tools-for-stm32/14.3.1+st.2/bin/../lib/gcc/arm-none-eabi/14.3.1/../../../../arm-none-eabi/lib/thumb/v7e-m+fp/hard\libg_nano.a(libc_a-stdio.o)
 .ARM.attributes
                0x000006d3       0x34 C:/Users/2/AppData/Local/stm32cube/bundles/gnu-tools-for-stm32/14.3.1+st.2/bin/../lib/gcc/arm-none-eabi/14.3.1/../../../../arm-none-eabi/lib/thumb/v7e-m+fp/hard\libg_nano.a(libc_a-vsnprintf.o)
 .ARM.attributes
                0x00000707       0x34 C:/Users/2/AppData/Local/stm32cube/bundles/gnu-tools-for-stm32/14.3.1+st.2/bin/../lib/gcc/arm-none-eabi/14.3.1/../../../../arm-none-eabi/lib/thumb/v7e-m+fp/hard\libg_nano.a(libc_a-memset.o)
 .ARM.attributes
                0x0000073b       0x34 C:/Users/2/AppData/Local/stm32cube/bundles/gnu-tools-for-stm32/14.3.1+st.2/bin/../lib/gcc/arm-none-eabi/14.3.1/../../../../arm-none-eabi/lib/thumb/v7e-m+fp/hard\libg_nano.a(libc_a-strncpy.o)
 .ARM.attributes
                0x0000076f       0x34 C:/Users/2/AppData/Local/stm32cube/bundles/gnu-tools-for-stm32/14.3.1+st.2/bin/../lib/gcc/arm-none-eabi/14.3.1/../../../../arm-none-eabi/lib/thumb/v7e-m+fp/hard\libg_nano.a(libc_a-strtok.o)
 .ARM.attributes
                0x000007a3       0x34 C:/Users/2/AppData/Local/stm32cube/bundles/gnu-tools-for-stm32/14.3.1+st.2/bin/../lib/gcc/arm-none-eabi/14.3.1/../../../../arm-none-eabi/lib/thumb/v7e-m+fp/hard\libg_nano.a(libc_a-strtok_r.o)
 .ARM.attributes
                0x000007d7       0x34 C:/Users/2/AppData/Local/stm32cube/bundles/gnu-tools-for-stm32/14.3.1+st.2/bin/../lib/gcc/arm-none-eabi/14.3.1/../../../../arm-none-eabi/lib/thumb/v7e-m+fp/hard\libg_nano.a(libc_a-closer.o)
 .ARM.attributes
                0x0000080b       0x34 C:/Users/2/AppData/Local/stm32cube/bundles/gnu-tools-for-stm32/14.3.1+st.2/bin/../lib/gcc/arm-none-eabi/14.3.1/../../../../arm-none-eabi/lib/thumb/v7e-m+fp/hard\libg_nano.a(libc_a-reent.o)
 .ARM.attributes
                0x0000083f       0x34 C:/Users/2/AppData/Local/stm32cube/bundles/gnu-tools-for-stm32/14.3.1+st.2/bin/../lib/gcc/arm-none-eabi/14.3.1/../../../../arm-none-eabi/lib/thumb/v7e-m+fp/hard\libg_nano.a(libc_a-impure.o)
 .ARM.attributes
                0x00000873       0x34 C:/Users/2/AppData/Local/stm32cube/bundles/gnu-tools-for-stm32/14.3.1+st.2/bin/../lib/gcc/arm-none-eabi/14.3.1/../../../../arm-none-eabi/lib/thumb/v7e-m+fp/hard\libg_nano.a(libc_a-lseekr.o)
 .ARM.attributes
                0x000008a7       0x34 C:/Users/2/AppData/Local/stm32cube/bundles/gnu-tools-for-stm32/14.3.1+st.2/bin/../lib/gcc/arm-none-eabi/14.3.1/../../../../arm-none-eabi/lib/thumb/v7e-m+fp/hard\libg_nano.a(libc_a-readr.o)
 .ARM.attributes
                0x000008db       0x34 C:/Users/2/AppData/Local/stm32cube/bundles/gnu-tools-for-stm32/14.3.1+st.2/bin/../lib/gcc/arm-none-eabi/14.3.1/../../../../arm-none-eabi/lib/thumb/v7e-m+fp/hard\libg_nano.a(libc_a-writer.o)
 .ARM.attributes
                0x0000090f       0x34 C:/Users/2/AppData/Local/stm32cube/bundles/gnu-tools-for-stm32/14.3.1+st.2/bin/../lib/gcc/arm-none-eabi/14.3.1/../../../../arm-none-eabi/lib/thumb/v7e-m+fp/hard\libg_nano.a(libc_a-errno.o)
 .ARM.attributes
                0x00000943       0x34 C:/Users/2/AppData/Local/stm32cube/bundles/gnu-tools-for-stm32/14.3.1+st.2/bin/../lib/gcc/arm-none-eabi/14.3.1/../../../../arm-none-eabi/lib/thumb/v7e-m+fp/hard\libg_nano.a(libc_a-init.o)
 .ARM.attributes
                0x00000977       0x34 C:/Users/2/AppData/Local/stm32cube/bundles/gnu-tools-for-stm32/14.3.1+st.2/bin/../lib/gcc/arm-none-eabi/14.3.1/../../../../arm-none-eabi/lib/thumb/v7e-m+fp/hard\libg_nano.a(libc_a-lock.o)
 .ARM.attributes
                0x000009ab       0x20 C:/Users/2/AppData/Local/stm32cube/bundles/gnu-tools-for-stm32/14.3.1+st.2/bin/../lib/gcc/arm-none-eabi/14.3.1/../../../../arm-none-eabi/lib/thumb/v7e-m+fp/hard\libg_nano.a(libc_a-strcmp.o)
 .ARM.attributes
                0x000009cb       0x17 C:/Users/2/AppData/Local/stm32cube/bundles/gnu-tools-for-stm32/14.3.1+st.2/bin/../lib/gcc/arm-none-eabi/14.3.1/../../../../arm-none-eabi/lib/thumb/v7e-m+fp/hard\libg_nano.a(libc_a-strlen.o)
 .ARM.attributes
                0x000009e2       0x34 C:/Users/2/AppData/Local/stm32cube/bundles/gnu-tools-for-stm32/14.3.1+st.2/bin/../lib/gcc/arm-none-eabi/14.3.1/../../../../arm-none-eabi/lib/thumb/v7e-m+fp/hard\libg_nano.a(libc_a-assert.o)
 .ARM.attributes
                0x00000a16       0x34 C:/Users/2/AppData/Local/stm32cube/bundles/gnu-tools-for-stm32/14.3.1+st.2/bin/../lib/gcc/arm-none-eabi/14.3.1/../../../../arm-none-eabi/lib/thumb/v7e-m+fp/hard\libg_nano.a(libc_a-freer.o)
 .ARM.attributes
                0x00000a4a       0x34 C:/Users/2/AppData/Local/stm32cube/bundles/gnu-tools-for-stm32/14.3.1+st.2/bin/../lib/gcc/arm-none-eabi/14.3.1/../../../../arm-none-eabi/lib/thumb/v7e-m+fp/hard\libg_nano.a(libc_a-malloc.o)
 .ARM.attributes
                0x00000a7e       0x34 C:/Users/2/AppData/Local/stm32cube/bundles/gnu-tools-for-stm32/14.3.1+st.2/bin/../lib/gcc/arm-none-eabi/14.3.1/../../../../arm-none-eabi/lib/thumb/v7e-m+fp/hard\libg_nano.a(libc_a-mallocr.o)
 .ARM.attributes
                0x00000ab2       0x34 C:/Users/2/AppData/Local/stm32cube/bundles/gnu-tools-for-stm32/14.3.1+st.2/bin/../lib/gcc/arm-none-eabi/14.3.1/../../../../arm-none-eabi/lib/thumb/v7e-m+fp/hard\libg_nano.a(libc_a-mlock.o)
 .ARM.attributes
                0x00000ae6       0x34 C:/Users/2/AppData/Local/stm32cube/bundles/gnu-tools-for-stm32/14.3.1+st.2/bin/../lib/gcc/arm-none-eabi/14.3.1/../../../../arm-none-eabi/lib/thumb/v7e-m+fp/hard\libg_nano.a(libc_a-nano-svfprintf.o)
 .ARM.attributes
                0x00000b1a       0x34 C:/Users/2/AppData/Local/stm32cube/bundles/gnu-tools-for-stm32/14.3.1+st.2/bin/../lib/gcc/arm-none-eabi/14.3.1/../../../../arm-none-eabi/lib/thumb/v7e-m+fp/hard\libg_nano.a(libc_a-nano-vfprintf_i.o)
 .ARM.attributes
                0x00000b4e       0x34 C:/Users/2/AppData/Local/stm32cube/bundles/gnu-tools-for-stm32/14.3.1+st.2/bin/../lib/gcc/arm-none-eabi/14.3.1/../../../../arm-none-eabi/lib/thumb/v7e-m+fp/hard\libg_nano.a(libc_a-fflush.o)
 .ARM.attributes
                0x00000b82       0x34 C:/Users/2/AppData/Local/stm32cube/bundles/gnu-tools-for-stm32/14.3.1+st.2/bin/../lib/gcc/arm-none-eabi/14.3.1/../../../../arm-none-eabi/lib/thumb/v7e-m+fp/hard\libg_nano.a(libc_a-fprintf.o)
 .ARM.attributes
                0x00000bb6       0x34 C:/Users/2/AppData/Local/stm32cube/bundles/gnu-tools-for-stm32/14.3.1+st.2/bin/../lib/gcc/arm-none-eabi/14.3.1/../../../../arm-none-eabi/lib/thumb/v7e-m+fp/hard\libg_nano.a(libc_a-memmove.o)
 .ARM.attributes
                0x00000bea       0x34 C:/Users/2/AppData/Local/stm32cube/bundles/gnu-tools-for-stm32/14.3.1+st.2/bin/../lib/gcc/arm-none-eabi/14.3.1/../../../../arm-none-eabi/lib/thumb/v7e-m+fp/hard\libg_nano.a(libc_a-sbrkr.o)
 .ARM.attributes
                0x00000c1e       0x1c C:/Users/2/AppData/Local/stm32cube/bundles/gnu-tools-for-stm32/14.3.1+st.2/bin/../lib/gcc/arm-none-eabi/14.3.1/../../../../arm-none-eabi/lib/thumb/v7e-m+fp/hard\libg_nano.a(libc_a-memchr.o)
 .ARM.attributes
                0x00000c3a       0x34 C:/Users/2/AppData/Local/stm32cube/bundles/gnu-tools-for-stm32/14.3.1+st.2/bin/../lib/gcc/arm-none-eabi/14.3.1/../../../../arm-none-eabi/lib/thumb/v7e-m+fp/hard\libg_nano.a(libc_a-memcpy-stub.o)
 .ARM.attributes
                0x00000c6e       0x34 C:/Users/2/AppData/Local/stm32cube/bundles/gnu-tools-for-stm32/14.3.1+st.2/bin/../lib/gcc/arm-none-eabi/14.3.1/../../../../arm-none-eabi/lib/thumb/v7e-m+fp/hard\libg_nano.a(libc_a-abort.o)
 .ARM.attributes
                0x00000ca2       0x34 C:/Users/2/AppData/Local/stm32cube/bundles/gnu-tools-for-stm32/14.3.1+st.2/bin/../lib/gcc/arm-none-eabi/14.3.1/../../../../arm-none-eabi/lib/thumb/v7e-m+fp/hard\libg_nano.a(libc_a-reallocr.o)
 .ARM.attributes
                0x00000cd6       0x34 C:/Users/2/AppData/Local/stm32cube/bundles/gnu-tools-for-stm32/14.3.1+st.2/bin/../lib/gcc/arm-none-eabi/14.3.1/../../../../arm-none-eabi/lib/thumb/v7e-m+fp/hard\libg_nano.a(libc_a-nano-vfprintf.o)
 .ARM.attributes
                0x00000d0a       0x34 C:/Users/2/AppData/Local/stm32cube/bundles/gnu-tools-for-stm32/14.3.1+st.2/bin/../lib/gcc/arm-none-eabi/14.3.1/../../../../arm-none-eabi/lib/thumb/v7e-m+fp/hard\libg_nano.a(libc_a-wbuf.o)
 .ARM.attributes
                0x00000d3e       0x34 C:/Users/2/AppData/Local/stm32cube/bundles/gnu-tools-for-stm32/14.3.1+st.2/bin/../lib/gcc/arm-none-eabi/14.3.1/../../../../arm-none-eabi/lib/thumb/v7e-m+fp/hard\libg_nano.a(libc_a-wsetup.o)
 .ARM.attributes
                0x00000d72       0x34 C:/Users/2/AppData/Local/stm32cube/bundles/gnu-tools-for-stm32/14.3.1+st.2/bin/../lib/gcc/arm-none-eabi/14.3.1/../../../../arm-none-eabi/lib/thumb/v7e-m+fp/hard\libg_nano.a(libc_a-signal.o)
 .ARM.attributes
                0x00000da6       0x34 C:/Users/2/AppData/Local/stm32cube/bundles/gnu-tools-for-stm32/14.3.1+st.2/bin/../lib/gcc/arm-none-eabi/14.3.1/../../../../arm-none-eabi/lib/thumb/v7e-m+fp/hard\libg_nano.a(libc_a-signalr.o)
 .ARM.attributes
                0x00000dda       0x34 C:/Users/2/AppData/Local/stm32cube/bundles/gnu-tools-for-stm32/14.3.1+st.2/bin/../lib/gcc/arm-none-eabi/14.3.1/../../../../arm-none-eabi/lib/thumb/v7e-m+fp/hard\libg_nano.a(libc_a-msizer.o)
 .ARM.attributes
                0x00000e0e       0x34 C:/Users/2/AppData/Local/stm32cube/bundles/gnu-tools-for-stm32/14.3.1+st.2/bin/../lib/gcc/arm-none-eabi/14.3.1/../../../../arm-none-eabi/lib/thumb/v7e-m+fp/hard\libg_nano.a(libc_a-makebuf.o)
 .ARM.attributes
                0x00000e42       0x34 C:/Users/2/AppData/Local/stm32cube/bundles/gnu-tools-for-stm32/14.3.1+st.2/bin/../lib/gcc/arm-none-eabi/14.3.1/../../../../arm-none-eabi/lib/thumb/v7e-m+fp/hard\libg_nano.a(libc_a-fstatr.o)
 .ARM.attributes
                0x00000e76       0x34 C:/Users/2/AppData/Local/stm32cube/bundles/gnu-tools-for-stm32/14.3.1+st.2/bin/../lib/gcc/arm-none-eabi/14.3.1/../../../../arm-none-eabi/lib/thumb/v7e-m+fp/hard\libg_nano.a(libc_a-isattyr.o)
 .ARM.attributes
                0x00000eaa       0x22 C:/Users/2/AppData/Local/stm32cube/bundles/gnu-tools-for-stm32/14.3.1+st.2/bin/../lib/gcc/arm-none-eabi/14.3.1/thumb/v7e-m+fp/hard/crtn.o

.comment        0x00000000       0x43
 .comment       0x00000000       0x43 cmake/stm32cubemx/CMakeFiles/STM32_Drivers.dir/__/__/Core/Src/system_stm32f4xx.c.obj
                                 0x44 (size before relaxing)
 .comment       0x00000043       0x44 cmake/stm32cubemx/CMakeFiles/STM32_Drivers.dir/__/__/Drivers/STM32F4xx_HAL_Driver/Src/stm32f4xx_hal_uart.c.obj
 .comment       0x00000043       0x44 cmake/stm32cubemx/CMakeFiles/STM32_Drivers.dir/__/__/Drivers/STM32F4xx_HAL_Driver/Src/stm32f4xx_hal_rcc.c.obj
 .comment       0x00000043       0x44 cmake/stm32cubemx/CMakeFiles/STM32_Drivers.dir/__/__/Drivers/STM32F4xx_HAL_Driver/Src/stm32f4xx_hal_gpio.c.obj
 .comment       0x00000043       0x44 cmake/stm32cubemx/CMakeFiles/STM32_Drivers.dir/__/__/Drivers/STM32F4xx_HAL_Driver/Src/stm32f4xx_hal_dma.c.obj
 .comment       0x00000043       0x44 cmake/stm32cubemx/CMakeFiles/STM32_Drivers.dir/__/__/Drivers/STM32F4xx_HAL_Driver/Src/stm32f4xx_hal_cortex.c.obj
 .comment       0x00000043       0x44 cmake/stm32cubemx/CMakeFiles/STM32_Drivers.dir/__/__/Drivers/STM32F4xx_HAL_Driver/Src/stm32f4xx_hal.c.obj
 .comment       0x00000043       0x44 CMakeFiles/stm32f_cli.dir/Core/Src/main.c.obj
 .comment       0x00000043       0x44 CMakeFiles/stm32f_cli.dir/Core/Src/gpio.c.obj
 .comment       0x00000043       0x44 CMakeFiles/stm32f_cli.dir/Core/Src/usart.c.obj
 .comment       0x00000043       0x44 CMakeFiles/stm32f_cli.dir/Core/Src/stm32f4xx_it.c.obj
 .comment       0x00000043       0x44 CMakeFiles/stm32f_cli.dir/Core/Src/stm32f4xx_hal_msp.c.obj
 .comment       0x00000043       0x44 CMakeFiles/stm32f_cli.dir/Core/Src/sysmem.c.obj
 .comment       0x00000043       0x44 CMakeFiles/stm32f_cli.dir/Core/Src/syscalls.c.obj
 .comment       0x00000043       0x44 CMakeFiles/stm32f_cli.dir/MyApp/ap/ap.c.obj
 .comment       0x00000043       0x44 CMakeFiles/stm32f_cli.dir/MyApp/bsp/bsp.c.obj
 .comment       0x00000043       0x44 CMakeFiles/stm32f_cli.dir/MyApp/hw/driver/button.c.obj
 .comment       0x00000043       0x44 CMakeFiles/stm32f_cli.dir/MyApp/hw/driver/cli.c.obj
 .comment       0x00000043       0x44 CMakeFiles/stm32f_cli.dir/MyApp/hw/driver/led.c.obj
 .comment       0x00000043       0x44 CMakeFiles/stm32f_cli.dir/MyApp/hw/driver/my_gpio.c.obj
 .comment       0x00000043       0x44 CMakeFiles/stm32f_cli.dir/MyApp/hw/driver/uart.c.obj
 .comment       0x00000043       0x44 CMakeFiles/stm32f_cli.dir/MyApp/hw/hw.c.obj
 .comment       0x00000043       0x44 C:/Users/2/AppData/Local/stm32cube/bundles/gnu-tools-for-stm32/14.3.1+st.2/bin/../lib/gcc/arm-none-eabi/14.3.1/../../../../arm-none-eabi/lib/thumb/v7e-m+fp/hard\libg_nano.a(libc_a-atoi.o)
 .comment       0x00000043       0x44 C:/Users/2/AppData/Local/stm32cube/bundles/gnu-tools-for-stm32/14.3.1+st.2/bin/../lib/gcc/arm-none-eabi/14.3.1/../../../../arm-none-eabi/lib/thumb/v7e-m+fp/hard\libg_nano.a(libc_a-strtol.o)
 .comment       0x00000043       0x44 C:/Users/2/AppData/Local/stm32cube/bundles/gnu-tools-for-stm32/14.3.1+st.2/bin/../lib/gcc/arm-none-eabi/14.3.1/../../../../arm-none-eabi/lib/thumb/v7e-m+fp/hard\libg_nano.a(libc_a-strtoul.o)
 .comment       0x00000043       0x44 C:/Users/2/AppData/Local/stm32cube/bundles/gnu-tools-for-stm32/14.3.1+st.2/bin/../lib/gcc/arm-none-eabi/14.3.1/../../../../arm-none-eabi/lib/thumb/v7e-m+fp/hard\libg_nano.a(libc_a-ctype_.o)
 .comment       0x00000043       0x44 C:/Users/2/AppData/Local/stm32cube/bundles/gnu-tools-for-stm32/14.3.1+st.2/bin/../lib/gcc/arm-none-eabi/14.3.1/../../../../arm-none-eabi/lib/thumb/v7e-m+fp/hard\libg_nano.a(libc_a-findfp.o)
 .comment       0x00000043       0x44 C:/Users/2/AppData/Local/stm32cube/bundles/gnu-tools-for-stm32/14.3.1+st.2/bin/../lib/gcc/arm-none-eabi/14.3.1/../../../../arm-none-eabi/lib/thumb/v7e-m+fp/hard\libg_nano.a(libc_a-fwalk.o)
 .comment       0x00000043       0x44 C:/Users/2/AppData/Local/stm32cube/bundles/gnu-tools-for-stm32/14.3.1+st.2/bin/../lib/gcc/arm-none-eabi/14.3.1/../../../../arm-none-eabi/lib/thumb/v7e-m+fp/hard\libg_nano.a(libc_a-stdio.o)
 .comment       0x00000043       0x44 C:/Users/2/AppData/Local/stm32cube/bundles/gnu-tools-for-stm32/14.3.1+st.2/bin/../lib/gcc/arm-none-eabi/14.3.1/../../../../arm-none-eabi/lib/thumb/v7e-m+fp/hard\libg_nano.a(libc_a-vsnprintf.o)
 .comment       0x00000043       0x44 C:/Users/2/AppData/Local/stm32cube/bundles/gnu-tools-for-stm32/14.3.1+st.2/bin/../lib/gcc/arm-none-eabi/14.3.1/../../../../arm-none-eabi/lib/thumb/v7e-m+fp/hard\libg_nano.a(libc_a-memset.o)
 .comment       0x00000043       0x44 C:/Users/2/AppData/Local/stm32cube/bundles/gnu-tools-for-stm32/14.3.1+st.2/bin/../lib/gcc/arm-none-eabi/14.3.1/../../../../arm-none-eabi/lib/thumb/v7e-m+fp/hard\libg_nano.a(libc_a-strncpy.o)
 .comment       0x00000043       0x44 C:/Users/2/AppData/Local/stm32cube/bundles/gnu-tools-for-stm32/14.3.1+st.2/bin/../lib/gcc/arm-none-eabi/14.3.1/../../../../arm-none-eabi/lib/thumb/v7e-m+fp/hard\libg_nano.a(libc_a-strtok.o)
 .comment       0x00000043       0x44 C:/Users/2/AppData/Local/stm32cube/bundles/gnu-tools-for-stm32/14.3.1+st.2/bin/../lib/gcc/arm-none-eabi/14.3.1/../../../../arm-none-eabi/lib/thumb/v7e-m+fp/hard\libg_nano.a(libc_a-strtok_r.o)
 .comment       0x00000043       0x44 C:/Users/2/AppData/Local/stm32cube/bundles/gnu-tools-for-stm32/14.3.1+st.2/bin/../lib/gcc/arm-none-eabi/14.3.1/../../../../arm-none-eabi/lib/thumb/v7e-m+fp/hard\libg_nano.a(libc_a-closer.o)
 .comment       0x00000043       0x44 C:/Users/2/AppData/Local/stm32cube/bundles/gnu-tools-for-stm32/14.3.1+st.2/bin/../lib/gcc/arm-none-eabi/14.3.1/../../../../arm-none-eabi/lib/thumb/v7e-m+fp/hard\libg_nano.a(libc_a-reent.o)
 .comment       0x00000043       0x44 C:/Users/2/AppData/Local/stm32cube/bundles/gnu-tools-for-stm32/14.3.1+st.2/bin/../lib/gcc/arm-none-eabi/14.3.1/../../../../arm-none-eabi/lib/thumb/v7e-m+fp/hard\libg_nano.a(libc_a-impure.o)
 .comment       0x00000043       0x44 C:/Users/2/AppData/Local/stm32cube/bundles/gnu-tools-for-stm32/14.3.1+st.2/bin/../lib/gcc/arm-none-eabi/14.3.1/../../../../arm-none-eabi/lib/thumb/v7e-m+fp/hard\libg_nano.a(libc_a-lseekr.o)
 .comment       0x00000043       0x44 C:/Users/2/AppData/Local/stm32cube/bundles/gnu-tools-for-stm32/14.3.1+st.2/bin/../lib/gcc/arm-none-eabi/14.3.1/../../../../arm-none-eabi/lib/thumb/v7e-m+fp/hard\libg_nano.a(libc_a-readr.o)
 .comment       0x00000043       0x44 C:/Users/2/AppData/Local/stm32cube/bundles/gnu-tools-for-stm32/14.3.1+st.2/bin/../lib/gcc/arm-none-eabi/14.3.1/../../../../arm-none-eabi/lib/thumb/v7e-m+fp/hard\libg_nano.a(libc_a-writer.o)
 .comment       0x00000043       0x44 C:/Users/2/AppData/Local/stm32cube/bundles/gnu-tools-for-stm32/14.3.1+st.2/bin/../lib/gcc/arm-none-eabi/14.3.1/../../../../arm-none-eabi/lib/thumb/v7e-m+fp/hard\libg_nano.a(libc_a-errno.o)
 .comment       0x00000043       0x44 C:/Users/2/AppData/Local/stm32cube/bundles/gnu-tools-for-stm32/14.3.1+st.2/bin/../lib/gcc/arm-none-eabi/14.3.1/../../../../arm-none-eabi/lib/thumb/v7e-m+fp/hard\libg_nano.a(libc_a-init.o)
 .comment       0x00000043       0x44 C:/Users/2/AppData/Local/stm32cube/bundles/gnu-tools-for-stm32/14.3.1+st.2/bin/../lib/gcc/arm-none-eabi/14.3.1/../../../../arm-none-eabi/lib/thumb/v7e-m+fp/hard\libg_nano.a(libc_a-lock.o)
 .comment       0x00000043       0x44 C:/Users/2/AppData/Local/stm32cube/bundles/gnu-tools-for-stm32/14.3.1+st.2/bin/../lib/gcc/arm-none-eabi/14.3.1/../../../../arm-none-eabi/lib/thumb/v7e-m+fp/hard\libg_nano.a(libc_a-assert.o)
 .comment       0x00000043       0x44 C:/Users/2/AppData/Local/stm32cube/bundles/gnu-tools-for-stm32/14.3.1+st.2/bin/../lib/gcc/arm-none-eabi/14.3.1/../../../../arm-none-eabi/lib/thumb/v7e-m+fp/hard\libg_nano.a(libc_a-freer.o)
 .comment       0x00000043       0x44 C:/Users/2/AppData/Local/stm32cube/bundles/gnu-tools-for-stm32/14.3.1+st.2/bin/../lib/gcc/arm-none-eabi/14.3.1/../../../../arm-none-eabi/lib/thumb/v7e-m+fp/hard\libg_nano.a(libc_a-malloc.o)
 .comment       0x00000043       0x44 C:/Users/2/AppData/Local/stm32cube/bundles/gnu-tools-for-stm32/14.3.1+st.2/bin/../lib/gcc/arm-none-eabi/14.3.1/../../../../arm-none-eabi/lib/thumb/v7e-m+fp/hard\libg_nano.a(libc_a-mallocr.o)
 .comment       0x00000043       0x44 C:/Users/2/AppData/Local/stm32cube/bundles/gnu-tools-for-stm32/14.3.1+st.2/bin/../lib/gcc/arm-none-eabi/14.3.1/../../../../arm-none-eabi/lib/thumb/v7e-m+fp/hard\libg_nano.a(libc_a-mlock.o)
 .comment       0x00000043       0x44 C:/Users/2/AppData/Local/stm32cube/bundles/gnu-tools-for-stm32/14.3.1+st.2/bin/../lib/gcc/arm-none-eabi/14.3.1/../../../../arm-none-eabi/lib/thumb/v7e-m+fp/hard\libg_nano.a(libc_a-nano-svfprintf.o)