D:/stm_proj/stm32f_cli/cmake/stm32cubemx/../../Drivers/CMSIS/Include/core_cm4.h:1938:34:__NVIC_SystemReset	4	static,ignoring_inline_asm
D:/stm_proj/stm32f_cli/MyApp/ap/ap.c:20:6:cliButton	16	static
D:/stm_proj/stm32f_cli/MyApp/ap/ap.c:50:13:isSafeAddress	16	static
D:/stm_proj/stm32f_cli/MyApp/ap/ap.c:68:6:cliMd	56	static
D:/stm_proj/stm32f_cli/MyApp/ap/ap.c:132:6:cliGpio	40	static
D:/stm_proj/stm32f_cli/MyApp/ap/ap.c:172:6:cliled	16	static
D:/stm_proj/stm32f_cli/MyApp/ap/ap.c:213:6:cliInfo	32	static
D:/stm_proj/stm32f_cli/MyApp/ap/ap.c:244:6:cliSys	16	static
D:/stm_proj/stm32f_cli/MyApp/ap/ap.c:255:6:cliTemp	24	static
D:/stm_proj/stm32f_cli/MyApp/ap/ap.c:277:6:ledSystemTask	16	static
D:/stm_proj/stm32f_cli/MyApp/ap/ap.c:293:6:StartDefaultTask	16	static
D:/stm_proj/stm32f_cli/MyApp/ap/ap.c:304:6:tempSystemTask	24	static
D:/stm_proj/stm32f_cli/MyApp/ap/ap.c:318:6:apInit	8	static
D:/stm_proj/stm32f_cli/MyApp/ap/ap.c:329:6:apMain	8	static
